
──────────────────────────────────────────────────
TAG:              apr17_053
mean_sharpe:      1.2877
median_sharpe:    2.2591
mean_max_drawdown:-1.14%
mean_total_return:2.91%
num_symbols:      15
params:           {"opening_range_bars": 6, "breakout_threshold": 0.001, "stop_loss_range_multiple": 1.8, "take_profit_range_multiple": 1.0, "trailing_stop_activation": 0.5, "trailing_stop_distance": 0.3, "max_trades_per_session": 1, "min_range_pct": 0.0, "close_at_session_end": true, "allowed_weekdays": [1, 2, 3, 4], "sessions": [[8, 0, 12, 30], [13, 30, 20, 0]]}
──────────────────────────────────────────────────
  EURUSD=X       sharpe=-0.2985  dd=  -0.27%  ret=  -0.05%  trades=5
  USDJPY=X       sharpe=-0.7781  dd=  -0.34%  ret=  -0.14%  trades=6
  GBPUSD=X       sharpe= 2.6052  dd=  -0.31%  ret=   0.79%  trades=5
  AUDUSD=X       sharpe= 1.6175  dd=  -0.39%  ret=   1.01%  trades=11
  USDCAD=X       sharpe=-3.0464  dd=  -0.34%  ret=  -0.34%  trades=1
  USDCHF=X       sharpe=-2.2047  dd=  -0.45%  ret=  -0.42%  trades=2
  NZDUSD=X       sharpe= 0.5752  dd=  -0.57%  ret=   0.31%  trades=12
  EURJPY=X       sharpe=-0.3932  dd=  -0.19%  ret=  -0.05%  trades=3
  GC=F           sharpe= 2.9306  dd=  -1.52%  ret=   4.66%  trades=17
  SI=F           sharpe= 3.0265  dd=  -4.58%  ret=  11.75%  trades=18
  CL=F           sharpe= 4.0986  dd=   -4.9%  ret=  20.03%  trades=30
  SPY            sharpe= 3.1651  dd=  -0.46%  ret=   0.47%  trades=1
  QQQ            sharpe= 2.9101  dd=  -0.66%  ret=   0.66%  trades=1
  ES=F           sharpe= 2.8485  dd=  -0.73%  ret=   2.45%  trades=12
  NQ=F           sharpe= 2.2591  dd=  -1.42%  ret=   2.47%  trades=16
──────────────────────────────────────────────────

  [saved] /Users/dhanabordeemekintharanggur/Desktop/Projects/autoresearch/autoresearch-orb/results/apr17_053.json
