
──────────────────────────────────────────────────
TAG:              apr17_008
mean_sharpe:      0.8417
median_sharpe:    1.0526
mean_max_drawdown:-1.48%
mean_total_return:3.18%
num_symbols:      15
params:           {"opening_range_bars": 6, "breakout_threshold": 0.001, "stop_loss_range_multiple": 1.8, "take_profit_range_multiple": 1.0, "trailing_stop_activation": 0.5, "trailing_stop_distance": 0.3, "max_trades_per_session": 1, "min_range_pct": 0.0, "close_at_session_end": true, "allowed_weekdays": [1, 2, 3, 4], "sessions": [[8, 0, 12, 30], [13, 30, 20, 0]]}
──────────────────────────────────────────────────
  EURUSD=X       sharpe=-0.9286  dd=  -0.49%  ret=  -0.23%  trades=11
  USDJPY=X       sharpe=-1.7905  dd=  -0.55%  ret=  -0.45%  trades=10
  GBPUSD=X       sharpe= 1.0526  dd=  -0.54%  ret=   0.43%  trades=17
  AUDUSD=X       sharpe=-0.5516  dd=  -1.33%  ret=  -0.46%  trades=25
  USDCAD=X       sharpe=-3.5976  dd=  -1.23%  ret=  -1.02%  trades=8
  USDCHF=X       sharpe= 1.0334  dd=  -0.71%  ret=   0.45%  trades=14
  NZDUSD=X       sharpe=-1.3676  dd=   -1.5%  ret=  -0.94%  trades=25
  EURJPY=X       sharpe=-1.4973  dd=  -0.43%  ret=  -0.27%  trades=7
  GC=F           sharpe= 2.7858  dd=  -2.08%  ret=   5.59%  trades=26
  SI=F           sharpe= 2.9199  dd=  -5.91%  ret=   12.3%  trades=27
  CL=F           sharpe= 5.3435  dd=   -3.5%  ret=  27.34%  trades=32
  SPY            sharpe= 3.1651  dd=  -0.46%  ret=   0.47%  trades=1
  QQQ            sharpe= 2.9101  dd=  -0.66%  ret=   0.66%  trades=1
  ES=F           sharpe= 1.6059  dd=  -1.28%  ret=   1.79%  trades=24
  NQ=F           sharpe= 1.5418  dd=  -1.56%  ret=   2.01%  trades=23
──────────────────────────────────────────────────

  [saved] /Users/dhanabordeemekintharanggur/Desktop/Projects/autoresearch/autoresearch-orb/results/apr17_008.json
