
──────────────────────────────────────────────────
TAG:              apr17_016
mean_sharpe:      -65.1896
median_sharpe:    2.3883
mean_max_drawdown:-1.14%
mean_total_return:3.58%
num_symbols:      15
params:           {"opening_range_bars": 6, "breakout_threshold": 0.001, "stop_loss_range_multiple": 1.8, "take_profit_range_multiple": 1.0, "trailing_stop_activation": 0.5, "trailing_stop_distance": 0.3, "max_trades_per_session": 1, "min_range_pct": 0.0015, "close_at_session_end": true, "allowed_weekdays": [1, 2, 3, 4], "sessions": [[8, 0, 12, 30], [13, 30, 20, 0]]}
──────────────────────────────────────────────────
  EURUSD=X       sharpe=-0.9568  dd=  -0.27%  ret=   -0.1%  trades=1
  USDJPY=X       sharpe=-0.6212  dd=  -0.21%  ret=  -0.07%  trades=1
  GBPUSD=X       sharpe=  2.505  dd=  -0.31%  ret=   0.78%  trades=6
  AUDUSD=X       sharpe=-0.0709  dd=  -1.08%  ret=  -0.06%  trades=16
  USDCAD=X       sharpe=-3.0523  dd=  -0.58%  ret=  -0.58%  trades=3
  USDCHF=X       sharpe= 0.0344  dd=  -0.42%  ret=   0.01%  trades=5
  NZDUSD=X       sharpe= 0.0359  dd=  -0.76%  ret=   0.02%  trades=11
  EURJPY=X       sharpe= -999.0  dd=    0.0%  ret=    0.0%  trades=0
  GC=F           sharpe= 2.9125  dd=  -1.68%  ret=   5.63%  trades=21
  SI=F           sharpe= 3.5736  dd=  -4.58%  ret=  14.12%  trades=21
  CL=F           sharpe= 5.4437  dd=  -3.32%  ret=  27.58%  trades=31
  SPY            sharpe= 3.1651  dd=  -0.46%  ret=   0.47%  trades=1
  QQQ            sharpe= 2.9101  dd=  -0.66%  ret=   0.66%  trades=1
  ES=F           sharpe= 2.8888  dd=  -1.12%  ret=   2.64%  trades=17
  NQ=F           sharpe= 2.3883  dd=  -1.65%  ret=   2.66%  trades=19
──────────────────────────────────────────────────

  [saved] /Users/dhanabordeemekintharanggur/Desktop/Projects/autoresearch/autoresearch-orb/results/apr17_016.json
