
──────────────────────────────────────────────────
TAG:              apr17_034
mean_sharpe:      1.4411
median_sharpe:    2.2851
mean_max_drawdown:-1.1%
mean_total_return:3.7%
num_symbols:      15
params:           {"opening_range_bars": 6, "breakout_threshold": 0.001, "stop_loss_range_multiple": 1.8, "take_profit_range_multiple": 1.0, "trailing_stop_activation": 0.5, "trailing_stop_distance": 0.3, "max_trades_per_session": 1, "min_range_pct": 0.0, "close_at_session_end": true, "allowed_weekdays": [1, 2, 3, 4], "sessions": [[8, 0, 12, 30], [13, 30, 20, 0]]}
──────────────────────────────────────────────────
  EURUSD=X       sharpe=-0.2839  dd=  -0.28%  ret=  -0.06%  trades=7
  USDJPY=X       sharpe=-1.0012  dd=  -0.37%  ret=  -0.18%  trades=6
  GBPUSD=X       sharpe= 2.2851  dd=  -0.37%  ret=   0.74%  trades=9
  AUDUSD=X       sharpe= 1.3221  dd=  -0.59%  ret=   0.93%  trades=15
  USDCAD=X       sharpe=-4.2874  dd=  -0.77%  ret=  -0.77%  trades=3
  USDCHF=X       sharpe= -0.419  dd=  -0.47%  ret=  -0.09%  trades=5
  NZDUSD=X       sharpe=    0.3  dd=   -0.6%  ret=   0.18%  trades=17
  EURJPY=X       sharpe=-0.3932  dd=  -0.19%  ret=  -0.05%  trades=3
  GC=F           sharpe= 2.6779  dd=  -1.69%  ret=   5.04%  trades=19
  SI=F           sharpe= 4.0286  dd=  -4.58%  ret=  15.82%  trades=19
  CL=F           sharpe= 5.3947  dd=  -3.32%  ret=  27.02%  trades=30
  SPY            sharpe= 3.1651  dd=  -0.46%  ret=   0.47%  trades=1
  QQQ            sharpe= 2.9101  dd=  -0.66%  ret=   0.66%  trades=1
  ES=F           sharpe= 3.4665  dd=  -0.73%  ret=   3.05%  trades=13
  NQ=F           sharpe= 2.4514  dd=  -1.42%  ret=   2.69%  trades=17
──────────────────────────────────────────────────

  [saved] /Users/dhanabordeemekintharanggur/Desktop/Projects/autoresearch/autoresearch-orb/results/apr17_034.json
