
──────────────────────────────────────────────────
TAG:              apr17_038
mean_sharpe:      1.4903
median_sharpe:    2.4514
mean_max_drawdown:-1.05%
mean_total_return:3.74%
num_symbols:      15
params:           {"opening_range_bars": 6, "breakout_threshold": 0.001, "stop_loss_range_multiple": 1.8, "take_profit_range_multiple": 1.0, "trailing_stop_activation": 0.5, "trailing_stop_distance": 0.3, "max_trades_per_session": 1, "min_range_pct": 0.0, "close_at_session_end": true, "allowed_weekdays": [1, 2, 3, 4], "sessions": [[8, 0, 12, 30], [13, 30, 20, 0]]}
──────────────────────────────────────────────────
  EURUSD=X       sharpe=-0.4133  dd=  -0.27%  ret=  -0.07%  trades=5
  USDJPY=X       sharpe=-1.0012  dd=  -0.37%  ret=  -0.18%  trades=6
  GBPUSD=X       sharpe= 2.7611  dd=  -0.31%  ret=   0.85%  trades=6
  AUDUSD=X       sharpe=   1.88  dd=  -0.39%  ret=   1.19%  trades=12
  USDCAD=X       sharpe=-3.0464  dd=  -0.34%  ret=  -0.34%  trades=1
  USDCHF=X       sharpe= -2.231  dd=  -0.47%  ret=  -0.43%  trades=2
  NZDUSD=X       sharpe= 0.7043  dd=  -0.54%  ret=   0.39%  trades=13
  EURJPY=X       sharpe=-0.3932  dd=  -0.19%  ret=  -0.05%  trades=3
  GC=F           sharpe= 2.6779  dd=  -1.69%  ret=   5.04%  trades=19
  SI=F           sharpe= 4.0286  dd=  -4.58%  ret=  15.82%  trades=19
  CL=F           sharpe= 5.3947  dd=  -3.32%  ret=  27.02%  trades=30
  SPY            sharpe= 3.1651  dd=  -0.46%  ret=   0.47%  trades=1
  QQQ            sharpe= 2.9101  dd=  -0.66%  ret=   0.66%  trades=1
  ES=F           sharpe= 3.4665  dd=  -0.73%  ret=   3.05%  trades=13
  NQ=F           sharpe= 2.4514  dd=  -1.42%  ret=   2.69%  trades=17
──────────────────────────────────────────────────

  [saved] /Users/dhanabordeemekintharanggur/Desktop/Projects/autoresearch/autoresearch-orb/results/apr17_038.json
