
──────────────────────────────────────────────────
TAG:              apr17_046
mean_sharpe:      1.2862
median_sharpe:    1.1132
mean_max_drawdown:-1.19%
mean_total_return:4.12%
num_symbols:      15
params:           {"opening_range_bars": 6, "breakout_threshold": 0.001, "stop_loss_range_multiple": 1.8, "take_profit_range_multiple": 1.0, "trailing_stop_activation": 0.5, "trailing_stop_distance": 0.3, "max_trades_per_session": 1, "min_range_pct": 0.0, "close_at_session_end": true, "allowed_weekdays": [1, 2, 3, 4], "sessions": [[8, 0, 12, 30], [13, 30, 20, 0]]}
──────────────────────────────────────────────────
  EURUSD=X       sharpe=-0.2985  dd=  -0.27%  ret=  -0.05%  trades=5
  USDJPY=X       sharpe=-0.7926  dd=  -0.34%  ret=  -0.14%  trades=6
  GBPUSD=X       sharpe= 3.0746  dd=  -0.31%  ret=   0.97%  trades=6
  AUDUSD=X       sharpe= 1.1132  dd=  -0.88%  ret=   0.73%  trades=12
  USDCAD=X       sharpe=-3.0464  dd=  -0.34%  ret=  -0.34%  trades=1
  USDCHF=X       sharpe=-2.1506  dd=  -0.44%  ret=  -0.41%  trades=2
  NZDUSD=X       sharpe=-0.0637  dd=  -0.95%  ret=  -0.05%  trades=13
  EURJPY=X       sharpe=-0.3932  dd=  -0.19%  ret=  -0.05%  trades=3
  GC=F           sharpe= 2.7177  dd=  -1.96%  ret=   5.54%  trades=19
  SI=F           sharpe= 3.9781  dd=  -4.58%  ret=   16.9%  trades=19
  CL=F           sharpe= 5.7186  dd=  -3.73%  ret=  32.46%  trades=30
  SPY            sharpe= 3.5353  dd=  -0.46%  ret=   0.57%  trades=1
  QQQ            sharpe= 1.0716  dd=  -0.66%  ret=    0.3%  trades=1
  ES=F           sharpe= 2.0805  dd=  -1.12%  ret=   2.19%  trades=13
  NQ=F           sharpe= 2.7477  dd=  -1.55%  ret=   3.19%  trades=17
──────────────────────────────────────────────────

  [saved] /Users/dhanabordeemekintharanggur/Desktop/Projects/autoresearch/autoresearch-orb/results/apr17_046.json
