
──────────────────────────────────────────────────
TAG:              apr17_023
mean_sharpe:      1.3451
median_sharpe:    1.9482
mean_max_drawdown:-1.08%
mean_total_return:3.37%
num_symbols:      15
params:           {"opening_range_bars": 6, "breakout_threshold": 0.001, "stop_loss_range_multiple": 1.8, "take_profit_range_multiple": 1.0, "trailing_stop_activation": 0.5, "trailing_stop_distance": 0.3, "max_trades_per_session": 1, "min_range_pct": 0.0, "close_at_session_end": true, "allowed_weekdays": [1, 2, 3, 4], "sessions": [[8, 0, 12, 30], [13, 30, 20, 0]]}
──────────────────────────────────────────────────
  EURUSD=X       sharpe=-0.2839  dd=  -0.28%  ret=  -0.06%  trades=7
  USDJPY=X       sharpe=-0.5529  dd=  -0.37%  ret=  -0.11%  trades=7
  GBPUSD=X       sharpe= 2.3608  dd=  -0.31%  ret=   0.83%  trades=11
  AUDUSD=X       sharpe= 0.1277  dd=  -1.07%  ret=   0.08%  trades=17
  USDCAD=X       sharpe=-3.5762  dd=  -0.71%  ret=  -0.71%  trades=4
  USDCHF=X       sharpe= 0.3003  dd=  -0.51%  ret=   0.09%  trades=8
  NZDUSD=X       sharpe=-0.0508  dd=  -0.89%  ret=  -0.04%  trades=17
  EURJPY=X       sharpe=-0.3932  dd=  -0.19%  ret=  -0.05%  trades=3
  GC=F           sharpe= 2.1834  dd=  -2.27%  ret=    3.8%  trades=17
  SI=F           sharpe=   3.84  dd=   -3.0%  ret=  12.86%  trades=15
  CL=F           sharpe= 5.8532  dd=  -2.49%  ret=  28.78%  trades=26
  SPY            sharpe= 3.1651  dd=  -0.46%  ret=   0.47%  trades=1
  QQQ            sharpe= 2.9101  dd=  -0.66%  ret=   0.66%  trades=1
  ES=F           sharpe= 2.3447  dd=  -1.36%  ret=   1.94%  trades=11
  NQ=F           sharpe= 1.9482  dd=  -1.69%  ret=   1.98%  trades=12
──────────────────────────────────────────────────

  [saved] /Users/dhanabordeemekintharanggur/Desktop/Projects/autoresearch/autoresearch-orb/results/apr17_023.json
