
──────────────────────────────────────────────────
TAG:              apr17_010
mean_sharpe:      0.9925
median_sharpe:    1.1936
mean_max_drawdown:-1.28%
mean_total_return:3.47%
num_symbols:      15
params:           {"opening_range_bars": 6, "breakout_threshold": 0.001, "stop_loss_range_multiple": 1.8, "take_profit_range_multiple": 1.0, "trailing_stop_activation": 0.5, "trailing_stop_distance": 0.3, "max_trades_per_session": 1, "min_range_pct": 0.0, "close_at_session_end": true, "allowed_weekdays": [1, 2, 3, 4], "sessions": [[8, 0, 12, 30], [13, 30, 20, 0]]}
──────────────────────────────────────────────────
  EURUSD=X       sharpe=-0.0354  dd=  -0.34%  ret=  -0.01%  trades=9
  USDJPY=X       sharpe=-0.7507  dd=  -0.55%  ret=  -0.17%  trades=9
  GBPUSD=X       sharpe= 1.3356  dd=  -0.57%  ret=   0.51%  trades=15
  AUDUSD=X       sharpe=-1.0106  dd=  -1.34%  ret=  -0.79%  trades=22
  USDCAD=X       sharpe=-3.8815  dd=  -0.86%  ret=  -0.86%  trades=4
  USDCHF=X       sharpe= 0.6372  dd=  -0.55%  ret=   0.24%  trades=10
  NZDUSD=X       sharpe=-1.5398  dd=  -1.84%  ret=  -1.05%  trades=22
  EURJPY=X       sharpe=-0.2313  dd=  -0.19%  ret=  -0.03%  trades=3
  GC=F           sharpe= 2.5069  dd=  -1.91%  ret=   4.84%  trades=21
  SI=F           sharpe=  3.837  dd=  -3.01%  ret=   15.4%  trades=21
  CL=F           sharpe= 5.4305  dd=  -3.73%  ret=   29.2%  trades=31
  SPY            sharpe= 2.5788  dd=  -0.46%  ret=   0.37%  trades=1
  QQQ            sharpe=  2.327  dd=  -0.66%  ret=   0.52%  trades=1
  ES=F           sharpe= 1.1936  dd=  -1.72%  ret=   1.22%  trades=18
  NQ=F           sharpe= 2.4902  dd=  -1.45%  ret=   2.65%  trades=20
──────────────────────────────────────────────────

  [saved] /Users/dhanabordeemekintharanggur/Desktop/Projects/autoresearch/autoresearch-orb/results/apr17_010.json
