/Library/Frameworks/Python.framework/Versions/3.9/lib/python3.9/site-packages/backtesting/_stats.py:122: RuntimeWarning: divide by zero encountered in scalar divide
  s.loc['Sortino Ratio'] = np.clip((annualized_return - risk_free_rate) / (np.sqrt(np.mean(day_returns.clip(-np.inf, 0)**2)) * np.sqrt(annual_trading_days)), 0, np.inf)  # noqa: E501
/Library/Frameworks/Python.framework/Versions/3.9/lib/python3.9/site-packages/backtesting/_stats.py:122: RuntimeWarning: divide by zero encountered in scalar divide
  s.loc['Sortino Ratio'] = np.clip((annualized_return - risk_free_rate) / (np.sqrt(np.mean(day_returns.clip(-np.inf, 0)**2)) * np.sqrt(annual_trading_days)), 0, np.inf)  # noqa: E501

──────────────────────────────────────────────────
TAG:              apr17_013
mean_sharpe:      -198.5181
median_sharpe:    1.2191
mean_max_drawdown:-0.95%
mean_total_return:2.02%
num_symbols:      15
params:           {"opening_range_bars": 6, "breakout_threshold": 0.001, "stop_loss_range_multiple": 1.8, "take_profit_range_multiple": 1.0, "trailing_stop_activation": 0.5, "trailing_stop_distance": 0.3, "max_trades_per_session": 1, "min_range_pct": 0.0, "close_at_session_end": true, "allowed_weekdays": [1, 2, 3, 4], "sessions": [[8, 0, 12, 30], [13, 30, 20, 0]]}
──────────────────────────────────────────────────
  EURUSD=X       sharpe= 1.2191  dd=  -0.08%  ret=   0.12%  trades=2
  USDJPY=X       sharpe=-0.6212  dd=  -0.21%  ret=  -0.07%  trades=1
  GBPUSD=X       sharpe= 0.5445  dd=  -0.35%  ret=   0.12%  trades=5
  AUDUSD=X       sharpe= 0.2687  dd=  -0.75%  ret=   0.15%  trades=7
  USDCAD=X       sharpe= -999.0  dd=    0.0%  ret=    0.0%  trades=0
  USDCHF=X       sharpe=-1.3119  dd=  -0.34%  ret=  -0.24%  trades=1
  NZDUSD=X       sharpe= 1.4326  dd=  -0.48%  ret=   0.53%  trades=6
  EURJPY=X       sharpe= -999.0  dd=    0.0%  ret=    0.0%  trades=0
  GC=F           sharpe= 2.5323  dd=  -2.03%  ret=   4.41%  trades=13
  SI=F           sharpe= 3.6193  dd=  -4.58%  ret=  12.51%  trades=12
  CL=F           sharpe=  3.268  dd=  -3.36%  ret=   9.77%  trades=12
  SPY            sharpe= 3.1651  dd=  -0.46%  ret=   0.47%  trades=1
  QQQ            sharpe= -999.0  dd=    0.0%  ret=    0.0%  trades=0
  ES=F           sharpe=  3.124  dd=  -0.38%  ret=   1.34%  trades=4
  NQ=F           sharpe= 1.9884  dd=  -1.17%  ret=   1.23%  trades=7
──────────────────────────────────────────────────

  [saved] /Users/dhanabordeemekintharanggur/Desktop/Projects/autoresearch/autoresearch-orb/results/apr17_013.json
