
──────────────────────────────────────────────────
TAG:              apr17_028
mean_sharpe:      1.3093
median_sharpe:    1.8917
mean_max_drawdown:-1.05%
mean_total_return:3.39%
num_symbols:      15
params:           {"opening_range_bars": 6, "breakout_threshold": 0.001, "stop_loss_range_multiple": 1.8, "take_profit_range_multiple": 1.0, "trailing_stop_activation": 0.5, "trailing_stop_distance": 0.3, "max_trades_per_session": 1, "min_range_pct": 0.0, "close_at_session_end": true, "allowed_weekdays": [1, 2, 3, 4], "sessions": [[8, 0, 12, 30], [13, 30, 20, 0]]}
──────────────────────────────────────────────────
  EURUSD=X       sharpe=-0.2839  dd=  -0.28%  ret=  -0.06%  trades=7
  USDJPY=X       sharpe=-1.0012  dd=  -0.37%  ret=  -0.18%  trades=6
  GBPUSD=X       sharpe= 2.5219  dd=  -0.31%  ret=   0.84%  trades=10
  AUDUSD=X       sharpe= 0.8504  dd=  -0.59%  ret=   0.58%  trades=15
  USDCAD=X       sharpe=-4.2874  dd=  -0.77%  ret=  -0.77%  trades=3
  USDCHF=X       sharpe= 0.0768  dd=  -0.47%  ret=   0.02%  trades=6
  NZDUSD=X       sharpe=-0.0508  dd=  -0.89%  ret=  -0.04%  trades=17
  EURJPY=X       sharpe=-0.3932  dd=  -0.19%  ret=  -0.05%  trades=3
  GC=F           sharpe= 1.8917  dd=  -2.28%  ret=   3.16%  trades=15
  SI=F           sharpe= 4.0941  dd=   -3.0%  ret=  13.53%  trades=14
  CL=F           sharpe= 5.8532  dd=  -2.49%  ret=  28.78%  trades=26
  SPY            sharpe= 3.1651  dd=  -0.46%  ret=   0.47%  trades=1
  QQQ            sharpe= 2.9101  dd=  -0.66%  ret=   0.66%  trades=1
  ES=F           sharpe= 2.3447  dd=  -1.36%  ret=   1.94%  trades=11
  NQ=F           sharpe= 1.9482  dd=  -1.69%  ret=   1.98%  trades=12
──────────────────────────────────────────────────

  [saved] /Users/dhanabordeemekintharanggur/Desktop/Projects/autoresearch/autoresearch-orb/results/apr17_028.json
