
──────────────────────────────────────────────────
TAG:              apr17_032
mean_sharpe:      1.3699
median_sharpe:    1.7747
mean_max_drawdown:-1.0%
mean_total_return:3.51%
num_symbols:      15
params:           {"opening_range_bars": 6, "breakout_threshold": 0.001, "stop_loss_range_multiple": 1.8, "take_profit_range_multiple": 1.0, "trailing_stop_activation": 0.5, "trailing_stop_distance": 0.3, "max_trades_per_session": 1, "min_range_pct": 0.0, "close_at_session_end": true, "allowed_weekdays": [1, 2, 3, 4], "sessions": [[8, 0, 12, 30], [13, 30, 20, 0]]}
──────────────────────────────────────────────────
  EURUSD=X       sharpe=-0.2839  dd=  -0.28%  ret=  -0.06%  trades=7
  USDJPY=X       sharpe=-1.0012  dd=  -0.37%  ret=  -0.18%  trades=6
  GBPUSD=X       sharpe= 2.2851  dd=  -0.37%  ret=   0.74%  trades=9
  AUDUSD=X       sharpe= 1.3115  dd=  -0.59%  ret=   0.88%  trades=14
  USDCAD=X       sharpe=-4.2726  dd=  -0.67%  ret=  -0.67%  trades=3
  USDCHF=X       sharpe=-0.5133  dd=  -0.47%  ret=  -0.09%  trades=5
  NZDUSD=X       sharpe= 0.5607  dd=   -0.6%  ret=   0.32%  trades=16
  EURJPY=X       sharpe=-0.3932  dd=  -0.19%  ret=  -0.05%  trades=3
  GC=F           sharpe=  1.956  dd=  -2.28%  ret=   3.26%  trades=15
  SI=F           sharpe= 4.3986  dd=   -3.0%  ret=  14.53%  trades=13
  CL=F           sharpe= 5.8532  dd=  -2.49%  ret=  28.78%  trades=26
  SPY            sharpe= 3.1651  dd=  -0.46%  ret=   0.47%  trades=1
  QQQ            sharpe= 2.9101  dd=  -0.66%  ret=   0.66%  trades=1
  ES=F           sharpe= 2.7972  dd=  -0.93%  ret=   2.23%  trades=9
  NQ=F           sharpe= 1.7747  dd=  -1.69%  ret=   1.77%  trades=11
──────────────────────────────────────────────────

  [saved] /Users/dhanabordeemekintharanggur/Desktop/Projects/autoresearch/autoresearch-orb/results/apr17_032.json
