
──────────────────────────────────────────────────
TAG:              apr17_058
mean_sharpe:      1.4045
median_sharpe:    1.762
mean_max_drawdown:-1.04%
mean_total_return:4.0%
num_symbols:      15
params:           {"opening_range_bars": 6, "breakout_threshold": 0.001, "stop_loss_range_multiple": 1.8, "take_profit_range_multiple": 1.1, "max_trades_per_session": 1, "min_range_pct": 0.0, "close_at_session_end": true, "allowed_weekdays": [1, 2, 3, 4], "sessions": [[8, 0, 12, 30], [13, 30, 20, 0]]}
──────────────────────────────────────────────────
  EURUSD=X       sharpe=-0.1921  dd=  -0.27%  ret=  -0.03%  trades=5
  USDJPY=X       sharpe=-0.6453  dd=  -0.34%  ret=  -0.12%  trades=6
  GBPUSD=X       sharpe=  1.762  dd=  -0.36%  ret=   0.62%  trades=6
  AUDUSD=X       sharpe= 1.1661  dd=   -0.8%  ret=   0.74%  trades=12
  USDCAD=X       sharpe=-3.0464  dd=  -0.34%  ret=  -0.34%  trades=1
  USDCHF=X       sharpe=-2.1506  dd=  -0.44%  ret=  -0.41%  trades=2
  NZDUSD=X       sharpe=-0.4637  dd=   -1.0%  ret=  -0.28%  trades=13
  EURJPY=X       sharpe=-0.3112  dd=  -0.19%  ret=  -0.04%  trades=3
  GC=F           sharpe= 3.5742  dd=  -1.27%  ret=   6.66%  trades=18
  SI=F           sharpe= 4.1057  dd=  -3.64%  ret=  16.48%  trades=18
  CL=F           sharpe= 5.3952  dd=  -3.73%  ret=  29.46%  trades=29
  SPY            sharpe= 3.4032  dd=  -0.46%  ret=   0.52%  trades=1
  QQQ            sharpe= 2.8648  dd=  -0.66%  ret=   0.73%  trades=1
  ES=F           sharpe= 2.9026  dd=  -0.73%  ret=   2.84%  trades=13
  NQ=F           sharpe= 2.7031  dd=  -1.35%  ret=   3.13%  trades=17
──────────────────────────────────────────────────

  [saved] /Users/dhanabordeemekintharanggur/Desktop/Projects/autoresearch/autoresearch-orb/results/apr17_058.json
