/Library/Frameworks/Python.framework/Versions/3.9/lib/python3.9/site-packages/backtesting/_stats.py:122: RuntimeWarning: divide by zero encountered in scalar divide
  s.loc['Sortino Ratio'] = np.clip((annualized_return - risk_free_rate) / (np.sqrt(np.mean(day_returns.clip(-np.inf, 0)**2)) * np.sqrt(annual_trading_days)), 0, np.inf)  # noqa: E501
/Library/Frameworks/Python.framework/Versions/3.9/lib/python3.9/site-packages/backtesting/_stats.py:122: RuntimeWarning: divide by zero encountered in scalar divide
  s.loc['Sortino Ratio'] = np.clip((annualized_return - risk_free_rate) / (np.sqrt(np.mean(day_returns.clip(-np.inf, 0)**2)) * np.sqrt(annual_trading_days)), 0, np.inf)  # noqa: E501
/Library/Frameworks/Python.framework/Versions/3.9/lib/python3.9/site-packages/backtesting/_stats.py:122: RuntimeWarning: divide by zero encountered in scalar divide
  s.loc['Sortino Ratio'] = np.clip((annualized_return - risk_free_rate) / (np.sqrt(np.mean(day_returns.clip(-np.inf, 0)**2)) * np.sqrt(annual_trading_days)), 0, np.inf)  # noqa: E501

──────────────────────────────────────────────────
TAG:              apr17_059
mean_sharpe:      -131.666
median_sharpe:    1.23
mean_max_drawdown:-1.01%
mean_total_return:3.22%
num_symbols:      15
params:           {"opening_range_bars": 6, "breakout_threshold": 0.0015, "stop_loss_range_multiple": 1.8, "take_profit_range_multiple": 1.0, "max_trades_per_session": 1, "min_range_pct": 0.0, "close_at_session_end": true, "allowed_weekdays": [1, 2, 3, 4], "sessions": [[8, 0, 12, 30], [13, 30, 20, 0]]}
──────────────────────────────────────────────────
  EURUSD=X       sharpe=  0.033  dd=  -0.27%  ret=    0.0%  trades=2
  USDJPY=X       sharpe= 1.6243  dd=  -0.02%  ret=   0.03%  trades=1
  GBPUSD=X       sharpe= 0.8792  dd=  -0.24%  ret=   0.16%  trades=2
  AUDUSD=X       sharpe= 0.1637  dd=  -0.86%  ret=   0.09%  trades=9
  USDCAD=X       sharpe= -999.0  dd=    0.0%  ret=    0.0%  trades=0
  USDCHF=X       sharpe=-1.5746  dd=  -0.36%  ret=  -0.29%  trades=1
  NZDUSD=X       sharpe= 0.3364  dd=   -0.6%  ret=   0.15%  trades=8
  EURJPY=X       sharpe= -999.0  dd=    0.0%  ret=    0.0%  trades=0
  GC=F           sharpe= 3.1124  dd=  -1.31%  ret=    5.7%  trades=18
  SI=F           sharpe= 3.3526  dd=  -3.64%  ret=  12.54%  trades=17
  CL=F           sharpe=  5.221  dd=  -4.11%  ret=  24.89%  trades=27
  SPY            sharpe= 3.1651  dd=  -0.46%  ret=   0.47%  trades=1
  QQQ            sharpe= 2.9101  dd=  -0.66%  ret=   0.66%  trades=1
  ES=F           sharpe=   1.23  dd=  -1.19%  ret=   1.23%  trades=12
  NQ=F           sharpe= 2.5567  dd=  -1.36%  ret=   2.65%  trades=14
──────────────────────────────────────────────────

  [saved] /Users/dhanabordeemekintharanggur/Desktop/Projects/autoresearch/autoresearch-orb/results/apr17_059.json
