  [ERR]  GC=F: 
  [ERR]  SI=F: 
  [ERR]  CL=F: 

──────────────────────────────────────────────────
TAG:              apr17_005
mean_sharpe:      -199.9416
median_sharpe:    -0.628
mean_max_drawdown:-200.67%
mean_total_return:-199.65%
num_symbols:      15
params:           {"opening_range_bars": 6, "breakout_threshold": 0.001, "stop_loss_range_multiple": 1.8, "take_profit_range_multiple": 99.0, "trailing_stop_activation": 0.3, "trailing_stop_distance": 0.5, "max_trades_per_session": 1, "min_range_pct": 0.0, "close_at_session_end": true, "allowed_weekdays": [1, 2, 3, 4], "sessions": [[8, 0, 12, 30], [13, 30, 20, 0]]}
──────────────────────────────────────────────────
  EURUSD=X       sharpe=-0.5453  dd=  -0.77%  ret=   -0.2%  trades=9
  USDJPY=X       sharpe=-2.0618  dd=  -0.76%  ret=  -0.55%  trades=9
  GBPUSD=X       sharpe= -0.628  dd=  -1.09%  ret=  -0.36%  trades=15
  AUDUSD=X       sharpe=-1.5233  dd=   -2.0%  ret=   -1.5%  trades=22
  USDCAD=X       sharpe=-3.8815  dd=  -0.86%  ret=  -0.86%  trades=4
  USDCHF=X       sharpe= 0.1069  dd=  -0.95%  ret=   0.05%  trades=10
  NZDUSD=X       sharpe=-0.8422  dd=  -1.52%  ret=  -0.74%  trades=22
  EURJPY=X       sharpe=-0.3565  dd=  -0.19%  ret=  -0.05%  trades=3
  GC=F           sharpe= -999.0  dd= -999.0%  ret= -999.0%  trades=0
  SI=F           sharpe= -999.0  dd= -999.0%  ret= -999.0%  trades=0
  CL=F           sharpe= -999.0  dd= -999.0%  ret= -999.0%  trades=0
  SPY            sharpe= 2.0609  dd=  -0.46%  ret=   0.43%  trades=1
  QQQ            sharpe= 1.0716  dd=  -0.66%  ret=    0.3%  trades=1
  ES=F           sharpe= 1.9859  dd=  -1.87%  ret=   2.48%  trades=18
  NQ=F           sharpe= 2.4894  dd=  -1.87%  ret=   3.26%  trades=20
──────────────────────────────────────────────────

  [saved] /Users/dhanabordeemekintharanggur/Desktop/Projects/autoresearch/autoresearch-orb/results/apr17_005.json
