
──────────────────────────────────────────────────
TAG:              apr17_035
mean_sharpe:      1.3477
median_sharpe:    1.1078
mean_max_drawdown:-1.02%
mean_total_return:3.67%
num_symbols:      15
params:           {"opening_range_bars": 6, "breakout_threshold": 0.001, "stop_loss_range_multiple": 1.8, "take_profit_range_multiple": 1.0, "trailing_stop_activation": 0.5, "trailing_stop_distance": 0.3, "max_trades_per_session": 1, "min_range_pct": 0.0, "close_at_session_end": true, "allowed_weekdays": [1, 2, 3, 4], "sessions": [[8, 0, 12, 30], [13, 30, 20, 0]]}
──────────────────────────────────────────────────
  EURUSD=X       sharpe=-0.2839  dd=  -0.28%  ret=  -0.06%  trades=7
  USDJPY=X       sharpe=-1.2074  dd=  -0.37%  ret=  -0.19%  trades=5
  GBPUSD=X       sharpe= 0.8839  dd=   -0.3%  ret=   0.24%  trades=7
  AUDUSD=X       sharpe= 1.1078  dd=  -0.57%  ret=   0.77%  trades=13
  USDCAD=X       sharpe=-3.4419  dd=  -0.56%  ret=  -0.56%  trades=2
  USDCHF=X       sharpe=-0.9424  dd=  -0.47%  ret=   -0.2%  trades=4
  NZDUSD=X       sharpe= 0.0336  dd=  -0.64%  ret=   0.01%  trades=15
  EURJPY=X       sharpe=-0.3932  dd=  -0.19%  ret=  -0.05%  trades=3
  GC=F           sharpe= 2.6779  dd=  -1.69%  ret=   5.04%  trades=19
  SI=F           sharpe= 3.9275  dd=  -4.58%  ret=   14.7%  trades=17
  CL=F           sharpe= 5.6565  dd=  -2.67%  ret=  28.41%  trades=29
  SPY            sharpe= 3.1651  dd=  -0.46%  ret=   0.47%  trades=1
  QQQ            sharpe= 2.9101  dd=  -0.66%  ret=   0.66%  trades=1
  ES=F           sharpe= 3.3458  dd=  -0.73%  ret=   2.88%  trades=12
  NQ=F           sharpe= 2.7761  dd=  -1.13%  ret=    3.0%  trades=16
──────────────────────────────────────────────────

  [saved] /Users/dhanabordeemekintharanggur/Desktop/Projects/autoresearch/autoresearch-orb/results/apr17_035.json
