
──────────────────────────────────────────────────
TAG:              apr17_025
mean_sharpe:      0.9666
median_sharpe:    1.6201
mean_max_drawdown:-1.04%
mean_total_return:2.49%
num_symbols:      15
params:           {"opening_range_bars": 6, "breakout_threshold": 0.001, "stop_loss_range_multiple": 1.8, "take_profit_range_multiple": 0.8, "trailing_stop_activation": 0.5, "trailing_stop_distance": 0.3, "max_trades_per_session": 1, "min_range_pct": 0.0, "close_at_session_end": true, "allowed_weekdays": [1, 2, 3, 4], "sessions": [[8, 0, 12, 30], [13, 30, 20, 0]]}
──────────────────────────────────────────────────
  EURUSD=X       sharpe=-0.7018  dd=  -0.28%  ret=  -0.13%  trades=7
  USDJPY=X       sharpe=-0.9741  dd=  -0.37%  ret=  -0.18%  trades=7
  GBPUSD=X       sharpe= 1.7837  dd=  -0.31%  ret=   0.56%  trades=11
  AUDUSD=X       sharpe= 0.4192  dd=  -0.75%  ret=   0.26%  trades=17
  USDCAD=X       sharpe=-3.3998  dd=  -0.64%  ret=  -0.64%  trades=4
  USDCHF=X       sharpe= 0.1283  dd=  -0.53%  ret=   0.04%  trades=8
  NZDUSD=X       sharpe=-0.1044  dd=  -0.73%  ret=  -0.06%  trades=17
  EURJPY=X       sharpe=-0.5715  dd=  -0.19%  ret=  -0.07%  trades=3
  GC=F           sharpe= 1.6463  dd=  -2.28%  ret=   2.61%  trades=17
  SI=F           sharpe=  2.961  dd=  -2.99%  ret=   9.01%  trades=15
  CL=F           sharpe= 5.1265  dd=  -2.49%  ret=  22.37%  trades=26
  SPY            sharpe= 2.5788  dd=  -0.46%  ret=   0.37%  trades=1
  QQQ            sharpe=  2.327  dd=  -0.66%  ret=   0.52%  trades=1
  ES=F           sharpe= 1.6201  dd=  -1.36%  ret=   1.26%  trades=11
  NQ=F           sharpe= 1.6603  dd=  -1.62%  ret=   1.49%  trades=12
──────────────────────────────────────────────────

  [saved] /Users/dhanabordeemekintharanggur/Desktop/Projects/autoresearch/autoresearch-orb/results/apr17_025.json
