
──────────────────────────────────────────────────
TAG:              apr17_048
mean_sharpe:      1.0324
median_sharpe:    1.3239
mean_max_drawdown:-1.06%
mean_total_return:2.31%
num_symbols:      15
params:           {"opening_range_bars": 6, "breakout_threshold": 0.001, "stop_loss_range_multiple": 1.8, "take_profit_range_multiple": 1.0, "trailing_stop_activation": 0.5, "trailing_stop_distance": 0.3, "max_trades_per_session": 1, "min_range_pct": 0.0, "close_at_session_end": true, "allowed_weekdays": [1, 2, 3, 4], "sessions": [[8, 0, 12, 30], [13, 30, 20, 0]]}
──────────────────────────────────────────────────
  EURUSD=X       sharpe=-0.2985  dd=  -0.27%  ret=  -0.05%  trades=5
  USDJPY=X       sharpe=-0.7926  dd=  -0.34%  ret=  -0.14%  trades=6
  GBPUSD=X       sharpe= 2.7611  dd=  -0.31%  ret=   0.85%  trades=6
  AUDUSD=X       sharpe= 1.1619  dd=  -0.71%  ret=   0.69%  trades=12
  USDCAD=X       sharpe=-3.4759  dd=  -0.24%  ret=  -0.24%  trades=1
  USDCHF=X       sharpe=-2.8774  dd=  -0.44%  ret=  -0.41%  trades=2
  NZDUSD=X       sharpe=-0.5567  dd=  -0.74%  ret=  -0.28%  trades=13
  EURJPY=X       sharpe=-0.3932  dd=  -0.19%  ret=  -0.05%  trades=3
  GC=F           sharpe= 1.3239  dd=  -2.37%  ret=   2.07%  trades=19
  SI=F           sharpe=  3.874  dd=  -3.21%  ret=  14.55%  trades=19
  CL=F           sharpe= 2.7798  dd=   -3.7%  ret=  11.41%  trades=30
  SPY            sharpe= 3.1651  dd=  -0.46%  ret=   0.47%  trades=1
  QQQ            sharpe= 2.9101  dd=  -0.66%  ret=   0.66%  trades=1
  ES=F           sharpe= 3.9087  dd=  -0.65%  ret=   3.11%  trades=13
  NQ=F           sharpe=  1.996  dd=  -1.63%  ret=   2.03%  trades=17
──────────────────────────────────────────────────

  [saved] /Users/dhanabordeemekintharanggur/Desktop/Projects/autoresearch/autoresearch-orb/results/apr17_048.json
