
──────────────────────────────────────────────────
TAG:              apr17_015
mean_sharpe:      0.4848
median_sharpe:    0.4147
mean_max_drawdown:-1.3%
mean_total_return:1.56%
num_symbols:      15
params:           {"opening_range_bars": 6, "breakout_threshold": 0.001, "stop_loss_range_multiple": 1.8, "take_profit_range_multiple": 1.0, "trailing_stop_activation": 0.5, "trailing_stop_distance": 0.3, "max_trades_per_session": 1, "min_range_pct": 0.0, "close_at_session_end": true, "allowed_weekdays": [1, 2, 3], "sessions": [[8, 0, 12, 30], [13, 30, 20, 0]]}
──────────────────────────────────────────────────
  EURUSD=X       sharpe= 0.4147  dd=  -0.27%  ret=   0.09%  trades=6
  USDJPY=X       sharpe=-2.5928  dd=  -0.65%  ret=  -0.62%  trades=7
  GBPUSD=X       sharpe= 0.6986  dd=  -0.63%  ret=   0.25%  trades=11
  AUDUSD=X       sharpe=-1.1449  dd=   -1.1%  ret=  -0.85%  trades=16
  USDCAD=X       sharpe=-2.4555  dd=  -0.32%  ret=  -0.28%  trades=1
  USDCHF=X       sharpe=-0.5383  dd=   -0.3%  ret=  -0.11%  trades=5
  NZDUSD=X       sharpe=-1.6145  dd=  -1.47%  ret=   -1.0%  trades=16
  EURJPY=X       sharpe=-0.3932  dd=  -0.19%  ret=  -0.05%  trades=3
  GC=F           sharpe= 1.3941  dd=  -1.71%  ret=   2.24%  trades=14
  SI=F           sharpe=  1.692  dd=  -4.58%  ret=   5.42%  trades=15
  CL=F           sharpe=  3.641  dd=   -4.7%  ret=  15.86%  trades=23
  SPY            sharpe= 3.1651  dd=  -0.46%  ret=   0.47%  trades=1
  QQQ            sharpe= 2.9101  dd=  -0.66%  ret=   0.66%  trades=1
  ES=F           sharpe= 2.1419  dd=  -0.67%  ret=   1.41%  trades=11
  NQ=F           sharpe=-0.0463  dd=  -1.83%  ret=  -0.06%  trades=14
──────────────────────────────────────────────────

  [saved] /Users/dhanabordeemekintharanggur/Desktop/Projects/autoresearch/autoresearch-orb/results/apr17_015.json
