
──────────────────────────────────────────────────
TAG:              apr5_011
mean_sharpe:      2.9338
median_sharpe:    4.2172
mean_max_drawdown:-0.73%
mean_total_return:0.66%
num_symbols:      15
params:           {"opening_range_bars": 6, "breakout_threshold": 0.0, "stop_loss_range_multiple": 1.0, "take_profit_range_multiple": 2.0, "max_trades_per_session": 2, "min_range_pct": 0.0, "close_at_session_end": true, "allowed_weekdays": [0, 1, 2, 3, 4], "sessions": [[8, 0, 12, 30], [13, 30, 20, 0]]}
──────────────────────────────────────────────────
  EURUSD=X       sharpe=-6.4867  dd=  -0.63%  ret=  -0.54%  trades=8
  USDJPY=X       sharpe=-8.5838  dd=  -0.58%  ret=  -0.55%  trades=6
  GBPUSD=X       sharpe= -6.079  dd=  -0.78%  ret=  -0.53%  trades=7
  AUDUSD=X       sharpe= 4.2172  dd=  -0.72%  ret=   0.37%  trades=7
  USDCAD=X       sharpe=-7.7976  dd=  -0.75%  ret=  -0.64%  trades=7
  USDCHF=X       sharpe=-3.1022  dd=  -0.66%  ret=  -0.28%  trades=7
  NZDUSD=X       sharpe=-4.5066  dd=  -0.76%  ret=  -0.35%  trades=8
  EURJPY=X       sharpe=-1.3341  dd=  -0.41%  ret=  -0.07%  trades=6
  GC=F           sharpe= 13.139  dd=  -0.59%  ret=   1.97%  trades=3
  SI=F           sharpe=13.4797  dd=  -2.42%  ret=   6.29%  trades=3
  CL=F           sharpe= 5.0889  dd=  -1.03%  ret=   1.52%  trades=4
  SPY            sharpe=14.5547  dd=  -0.33%  ret=   0.47%  trades=1
  QQQ            sharpe=14.8683  dd=  -0.44%  ret=    0.6%  trades=1
  ES=F           sharpe= 6.6639  dd=  -0.33%  ret=   0.46%  trades=3
  NQ=F           sharpe= 9.8854  dd=  -0.49%  ret=   1.16%  trades=4
──────────────────────────────────────────────────

  [saved] /Users/dhanabordeemekintharanggur/Desktop/Projects/autoresearch/autoresearch-orb/results/apr5_011.json
