
──────────────────────────────────────────────────
TAG:              apr5_034
mean_sharpe:      6.6894
median_sharpe:    6.7986
mean_max_drawdown:-0.32%
mean_total_return:0.61%
num_symbols:      15
params:           {"opening_range_bars": 6, "breakout_threshold": 0.001, "stop_loss_range_multiple": 1.0, "take_profit_range_multiple": 1.0, "max_trades_per_session": 2, "min_range_pct": 0.0, "close_at_session_end": true, "allowed_weekdays": [0, 1, 2, 3, 4], "sessions": [[8, 0, 12, 30], [13, 30, 20, 0]]}
──────────────────────────────────────────────────
  EURUSD=X       sharpe= 1.2263  dd=  -0.24%  ret=   0.05%  trades=3
  USDJPY=X       sharpe= -6.742  dd=  -0.29%  ret=   -0.2%  trades=1
  GBPUSD=X       sharpe=-0.5312  dd=  -0.28%  ret=  -0.02%  trades=2
  AUDUSD=X       sharpe=-4.3062  dd=  -0.65%  ret=  -0.26%  trades=7
  USDCAD=X       sharpe= 7.9489  dd=  -0.11%  ret=    0.2%  trades=2
  USDCHF=X       sharpe= 6.7986  dd=  -0.09%  ret=   0.22%  trades=1
  NZDUSD=X       sharpe= 2.4628  dd=  -0.38%  ret=   0.15%  trades=5
  EURJPY=X       sharpe= 4.3697  dd=  -0.06%  ret=    0.1%  trades=2
  GC=F           sharpe=16.2313  dd=   -0.1%  ret=   1.14%  trades=3
  SI=F           sharpe=15.6825  dd=   -0.5%  ret=   3.87%  trades=3
  CL=F           sharpe=  6.215  dd=  -0.89%  ret=   1.58%  trades=4
  SPY            sharpe=14.2082  dd=  -0.35%  ret=   0.39%  trades=1
  QQQ            sharpe=13.0888  dd=  -0.44%  ret=    0.4%  trades=1
  ES=F           sharpe=13.9386  dd=  -0.17%  ret=   0.76%  trades=3
  NQ=F           sharpe=  9.749  dd=  -0.25%  ret=    0.7%  trades=2
──────────────────────────────────────────────────

  [saved] /Users/dhanabordeemekintharanggur/Desktop/Projects/autoresearch/autoresearch-orb/results/apr5_034.json
