
──────────────────────────────────────────────────
TAG:              apr5_036
mean_sharpe:      -61.7044
median_sharpe:    3.4361
mean_max_drawdown:-0.38%
mean_total_return:0.71%
num_symbols:      15
params:           {"opening_range_bars": 8, "breakout_threshold": 0.001, "stop_loss_range_multiple": 1.0, "take_profit_range_multiple": 1.0, "max_trades_per_session": 2, "min_range_pct": 0.0, "close_at_session_end": true, "allowed_weekdays": [0, 1, 2, 3, 4], "sessions": [[8, 0, 12, 30], [13, 30, 20, 0]]}
──────────────────────────────────────────────────
  EURUSD=X       sharpe= 2.9227  dd=  -0.24%  ret=   0.13%  trades=4
  USDJPY=X       sharpe= -6.742  dd=  -0.29%  ret=   -0.2%  trades=1
  GBPUSD=X       sharpe= 1.3566  dd=   -0.3%  ret=   0.05%  trades=3
  AUDUSD=X       sharpe=-0.2473  dd=  -0.72%  ret=  -0.02%  trades=6
  USDCAD=X       sharpe=-2.0353  dd=  -0.29%  ret=  -0.07%  trades=2
  USDCHF=X       sharpe=-2.2591  dd=  -0.35%  ret=   -0.1%  trades=2
  NZDUSD=X       sharpe= 3.4361  dd=  -0.37%  ret=    0.2%  trades=4
  EURJPY=X       sharpe= 4.6135  dd=  -0.06%  ret=   0.12%  trades=2
  GC=F           sharpe=13.1084  dd=  -0.59%  ret=   1.82%  trades=3
  SI=F           sharpe=14.1646  dd=   -0.5%  ret=   4.46%  trades=3
  CL=F           sharpe= 8.9764  dd=  -1.04%  ret=   2.32%  trades=2
  SPY            sharpe= -999.0  dd=    0.0%  ret=    0.0%  trades=0
  QQQ            sharpe=12.4522  dd=  -0.46%  ret=   0.41%  trades=1
  ES=F           sharpe=13.9386  dd=  -0.17%  ret=   0.76%  trades=3
  NQ=F           sharpe=  9.749  dd=  -0.25%  ret=    0.7%  trades=2
──────────────────────────────────────────────────

  [saved] /Users/dhanabordeemekintharanggur/Desktop/Projects/autoresearch/autoresearch-orb/results/apr5_036.json
