
──────────────────────────────────────────────────
TAG:              apr5_040
mean_sharpe:      -127.9089
median_sharpe:    5.1789
mean_max_drawdown:-0.26%
mean_total_return:0.38%
num_symbols:      15
params:           {"opening_range_bars": 5, "breakout_threshold": 0.001, "stop_loss_range_multiple": 1.0, "take_profit_range_multiple": 1.0, "max_trades_per_session": 1, "min_range_pct": 0.0, "close_at_session_end": true, "allowed_weekdays": [0, 1, 2, 3, 4], "sessions": [[8, 0, 12, 30], [13, 30, 20, 0]]}
──────────────────────────────────────────────────
  EURUSD=X       sharpe=-3.5978  dd=  -0.36%  ret=  -0.13%  trades=3
  USDJPY=X       sharpe= -999.0  dd=    0.0%  ret=    0.0%  trades=0
  GBPUSD=X       sharpe=-5.1005  dd=  -0.48%  ret=  -0.24%  trades=3
  AUDUSD=X       sharpe= 5.1789  dd=   -0.1%  ret=   0.16%  trades=4
  USDCAD=X       sharpe= 7.4545  dd=  -0.11%  ret=    0.2%  trades=2
  USDCHF=X       sharpe= -999.0  dd=    0.0%  ret=    0.0%  trades=0
  NZDUSD=X       sharpe= 0.0496  dd=  -0.49%  ret=    0.0%  trades=4
  EURJPY=X       sharpe= 2.2281  dd=  -0.06%  ret=   0.05%  trades=1
  GC=F           sharpe=13.6867  dd=   -0.1%  ret=   0.64%  trades=2
  SI=F           sharpe=13.4132  dd=   -0.5%  ret=   2.35%  trades=2
  CL=F           sharpe=10.4216  dd=  -0.61%  ret=   1.55%  trades=2
  SPY            sharpe=11.6889  dd=  -0.33%  ret=   0.33%  trades=1
  QQQ            sharpe=10.7434  dd=  -0.44%  ret=   0.37%  trades=1
  ES=F           sharpe=13.9191  dd=  -0.04%  ret=   0.42%  trades=2
  NQ=F           sharpe=-0.7186  dd=  -0.31%  ret=  -0.03%  trades=2
──────────────────────────────────────────────────

  [saved] /Users/dhanabordeemekintharanggur/Desktop/Projects/autoresearch/autoresearch-orb/results/apr5_040.json
