
──────────────────────────────────────────────────
TAG:              apr5_035
mean_sharpe:      5.2391
median_sharpe:    7.2535
mean_max_drawdown:-0.55%
mean_total_return:0.76%
num_symbols:      15
params:           {"opening_range_bars": 6, "breakout_threshold": 0.001, "stop_loss_range_multiple": 1.5, "take_profit_range_multiple": 1.5, "max_trades_per_session": 2, "min_range_pct": 0.0, "close_at_session_end": true, "allowed_weekdays": [0, 1, 2, 3, 4], "sessions": [[8, 0, 12, 30], [13, 30, 20, 0]]}
──────────────────────────────────────────────────
  EURUSD=X       sharpe=   3.24  dd=  -0.24%  ret=   0.15%  trades=3
  USDJPY=X       sharpe=-3.3689  dd=  -0.25%  ret=   -0.1%  trades=1
  GBPUSD=X       sharpe=-10.2611  dd=  -0.51%  ret=  -0.51%  trades=2
  AUDUSD=X       sharpe= 6.0855  dd=  -0.41%  ret=    0.4%  trades=5
  USDCAD=X       sharpe=-10.2077  dd=   -0.6%  ret=   -0.5%  trades=2
  USDCHF=X       sharpe=-0.9543  dd=  -0.29%  ret=  -0.04%  trades=1
  NZDUSD=X       sharpe= 5.9186  dd=  -0.38%  ret=   0.39%  trades=5
  EURJPY=X       sharpe= 7.2628  dd=  -0.06%  ret=   0.19%  trades=2
  GC=F           sharpe=13.7236  dd=  -0.59%  ret=   1.79%  trades=3
  SI=F           sharpe=11.8869  dd=  -2.38%  ret=   4.59%  trades=3
  CL=F           sharpe= 8.2825  dd=  -1.04%  ret=   2.47%  trades=2
  SPY            sharpe=14.2082  dd=  -0.35%  ret=   0.39%  trades=1
  QQQ            sharpe=15.4659  dd=  -0.44%  ret=   0.57%  trades=1
  ES=F           sharpe=10.0506  dd=  -0.32%  ret=   0.87%  trades=3
  NQ=F           sharpe= 7.2535  dd=  -0.44%  ret=   0.76%  trades=2
──────────────────────────────────────────────────

  [saved] /Users/dhanabordeemekintharanggur/Desktop/Projects/autoresearch/autoresearch-orb/results/apr5_035.json
