
──────────────────────────────────────────────────
TAG:              apr5_023
mean_sharpe:      -1.4433
median_sharpe:    -1.4096
mean_max_drawdown:-1.49%
mean_total_return:0.59%
num_symbols:      15
params:           {"opening_range_bars": 6, "breakout_threshold": 0.001, "stop_loss_range_multiple": 2.0, "take_profit_range_multiple": 1.0, "max_trades_per_session": 1, "min_range_pct": 0.0, "close_at_session_end": true, "allowed_weekdays": [1, 2, 3, 4], "sessions": [[8, 0, 12, 30], [13, 30, 20, 0]]}
──────────────────────────────────────────────────
  EURUSD=X       sharpe=-1.4096  dd=  -0.36%  ret=  -0.28%  trades=9
  USDJPY=X       sharpe=-4.1426  dd=  -0.81%  ret=  -0.78%  trades=9
  GBPUSD=X       sharpe=-2.5864  dd=  -0.92%  ret=  -0.75%  trades=15
  AUDUSD=X       sharpe=-2.1833  dd=  -1.28%  ret=  -1.27%  trades=22
  USDCAD=X       sharpe=-3.3429  dd=  -0.62%  ret=  -0.62%  trades=4
  USDCHF=X       sharpe=-0.9091  dd=  -0.42%  ret=  -0.25%  trades=10
  NZDUSD=X       sharpe=-3.9823  dd=  -1.99%  ret=  -1.94%  trades=22
  EURJPY=X       sharpe=-2.3808  dd=  -0.31%  ret=  -0.23%  trades=3
  GC=F           sharpe=-0.8344  dd=  -3.36%  ret=  -1.22%  trades=21
  SI=F           sharpe= 1.2187  dd=  -4.36%  ret=   3.58%  trades=21
  CL=F           sharpe= 3.6918  dd=   -3.0%  ret=  14.17%  trades=31
  SPY            sharpe=-0.1466  dd=  -0.28%  ret=  -0.02%  trades=1
  QQQ            sharpe=-3.4389  dd=  -0.68%  ret=  -0.57%  trades=1
  ES=F           sharpe=-0.0787  dd=  -1.46%  ret=  -0.07%  trades=18
  NQ=F           sharpe=-1.1248  dd=  -2.47%  ret=  -0.94%  trades=20
──────────────────────────────────────────────────

  [saved] /Users/dhanabordeemekintharanggur/Desktop/Projects/autoresearch/autoresearch-orb/results/apr5_023.json
