
──────────────────────────────────────────────────
TAG:              apr5_019
mean_sharpe:      -0.3968
median_sharpe:    -0.4553
mean_max_drawdown:-1.68%
mean_total_return:1.95%
num_symbols:      15
params:           {"opening_range_bars": 4, "breakout_threshold": 0.001, "stop_loss_range_multiple": 2.0, "take_profit_range_multiple": 1.0, "max_trades_per_session": 1, "min_range_pct": 0.0, "close_at_session_end": true, "allowed_weekdays": [1, 2, 3, 4], "sessions": [[8, 0, 12, 30], [13, 30, 20, 0]]}
──────────────────────────────────────────────────
  EURUSD=X       sharpe=-2.4879  dd=  -0.76%  ret=  -0.74%  trades=14
  USDJPY=X       sharpe=-0.4553  dd=  -0.59%  ret=  -0.12%  trades=11
  GBPUSD=X       sharpe=-1.9597  dd=  -1.25%  ret=  -0.81%  trades=18
  AUDUSD=X       sharpe=-1.0315  dd=  -1.04%  ret=  -0.58%  trades=25
  USDCAD=X       sharpe=-3.6847  dd=  -0.68%  ret=  -0.68%  trades=3
  USDCHF=X       sharpe=-0.2245  dd=  -0.67%  ret=  -0.06%  trades=10
  NZDUSD=X       sharpe=-1.4268  dd=   -1.3%  ret=   -0.8%  trades=26
  EURJPY=X       sharpe=-1.2954  dd=  -0.33%  ret=  -0.18%  trades=4
  GC=F           sharpe= 2.7942  dd=  -1.88%  ret=   4.55%  trades=26
  SI=F           sharpe= 3.0711  dd=  -3.94%  ret=  12.72%  trades=27
  CL=F           sharpe=  3.289  dd=  -6.34%  ret=  14.61%  trades=33
  SPY            sharpe= 2.0852  dd=  -0.46%  ret=    0.3%  trades=1
  QQQ            sharpe= -6.128  dd=  -0.89%  ret=  -0.89%  trades=1
  ES=F           sharpe= 1.1882  dd=  -2.46%  ret=    1.5%  trades=24
  NQ=F           sharpe= 0.3141  dd=   -2.6%  ret=   0.42%  trades=25
──────────────────────────────────────────────────

  [saved] /Users/dhanabordeemekintharanggur/Desktop/Projects/autoresearch/autoresearch-orb/results/apr5_019.json
