
──────────────────────────────────────────────────
TAG:              apr5_030
mean_sharpe:      0.6848
median_sharpe:    0.9108
mean_max_drawdown:-1.37%
mean_total_return:3.17%
num_symbols:      15
params:           {"opening_range_bars": 6, "breakout_threshold": 0.001, "stop_loss_range_multiple": 1.85, "take_profit_range_multiple": 1.0, "max_trades_per_session": 1, "min_range_pct": 0.0, "close_at_session_end": true, "allowed_weekdays": [1, 2, 3, 4], "sessions": [[8, 0, 12, 30], [13, 30, 20, 0]]}
──────────────────────────────────────────────────
  EURUSD=X       sharpe=-1.5672  dd=  -0.45%  ret=  -0.36%  trades=9
  USDJPY=X       sharpe=-2.5748  dd=  -0.64%  ret=  -0.61%  trades=9
  GBPUSD=X       sharpe= 0.9108  dd=  -0.56%  ret=   0.34%  trades=15
  AUDUSD=X       sharpe=-0.9687  dd=  -1.35%  ret=  -0.78%  trades=22
  USDCAD=X       sharpe=-3.7816  dd=  -0.86%  ret=  -0.86%  trades=4
  USDCHF=X       sharpe=-0.3112  dd=  -0.64%  ret=  -0.12%  trades=10
  NZDUSD=X       sharpe=-1.5177  dd=   -1.5%  ret=  -0.99%  trades=22
  EURJPY=X       sharpe=-0.8879  dd=  -0.23%  ret=  -0.11%  trades=3
  GC=F           sharpe= 2.4856  dd=  -1.78%  ret=   4.83%  trades=21
  SI=F           sharpe= 3.4544  dd=  -3.98%  ret=  14.65%  trades=21
  CL=F           sharpe= 4.8825  dd=  -4.25%  ret=  26.13%  trades=31
  SPY            sharpe= 3.0585  dd=  -0.46%  ret=   0.45%  trades=1
  QQQ            sharpe= 2.8261  dd=  -0.66%  ret=   0.64%  trades=1
  ES=F           sharpe= 2.4207  dd=  -1.32%  ret=   2.23%  trades=18
  NQ=F           sharpe= 1.8429  dd=  -1.93%  ret=   2.07%  trades=20
──────────────────────────────────────────────────

  [saved] /Users/dhanabordeemekintharanggur/Desktop/Projects/autoresearch/autoresearch-orb/results/apr5_030.json
