
──────────────────────────────────────────────────
TAG:              apr5_017
mean_sharpe:      0.6524
median_sharpe:    0.6131
mean_max_drawdown:-1.58%
mean_total_return:3.67%
num_symbols:      15
params:           {"opening_range_bars": 6, "breakout_threshold": 0.001, "stop_loss_range_multiple": 2.0, "take_profit_range_multiple": 1.5, "max_trades_per_session": 1, "min_range_pct": 0.0, "close_at_session_end": true, "allowed_weekdays": [1, 2, 3, 4], "sessions": [[8, 0, 12, 30], [13, 30, 20, 0]]}
──────────────────────────────────────────────────
  EURUSD=X       sharpe=-0.9466  dd=  -0.46%  ret=  -0.29%  trades=9
  USDJPY=X       sharpe=-2.3172  dd=  -0.63%  ret=  -0.58%  trades=9
  GBPUSD=X       sharpe= 0.6131  dd=  -0.55%  ret=   0.29%  trades=15
  AUDUSD=X       sharpe= -0.676  dd=  -1.31%  ret=  -0.59%  trades=22
  USDCAD=X       sharpe=-3.8582  dd=  -0.91%  ret=  -0.91%  trades=4
  USDCHF=X       sharpe= 0.3215  dd=   -0.6%  ret=   0.13%  trades=10
  NZDUSD=X       sharpe=-2.5843  dd=  -2.14%  ret=  -2.04%  trades=22
  EURJPY=X       sharpe=-0.7808  dd=  -0.23%  ret=  -0.11%  trades=3
  GC=F           sharpe= 3.0036  dd=  -2.38%  ret=   6.61%  trades=21
  SI=F           sharpe= 4.1169  dd=  -4.22%  ret=  19.78%  trades=21
  CL=F           sharpe= 4.1491  dd=  -5.45%  ret=  26.91%  trades=31
  SPY            sharpe= 3.7643  dd=  -0.46%  ret=    0.7%  trades=1
  QQQ            sharpe= 1.0013  dd=  -0.66%  ret=   0.28%  trades=1
  ES=F           sharpe= 1.9348  dd=  -1.83%  ret=   2.27%  trades=18
  NQ=F           sharpe=  2.045  dd=  -1.86%  ret=   2.62%  trades=20
──────────────────────────────────────────────────

  [saved] /Users/dhanabordeemekintharanggur/Desktop/Projects/autoresearch/autoresearch-orb/results/apr5_017.json
