
──────────────────────────────────────────────────
TAG:              apr5_006
mean_sharpe:      -66.9748
median_sharpe:    -0.3819
mean_max_drawdown:-1.8%
mean_total_return:0.76%
num_symbols:      15
params:           {"opening_range_bars": 6, "breakout_threshold": 0.002, "stop_loss_range_multiple": 1.0, "take_profit_range_multiple": 1.0, "max_trades_per_session": 1, "min_range_pct": 0.0, "close_at_session_end": true, "allowed_weekdays": [0, 1, 2, 3, 4], "sessions": [[8, 0, 12, 30], [13, 30, 20, 0]]}
──────────────────────────────────────────────────
  EURUSD=X       sharpe=-4.1106  dd=   -0.7%  ret=  -0.68%  trades=4
  USDJPY=X       sharpe=-1.7346  dd=  -0.13%  ret=  -0.13%  trades=1
  GBPUSD=X       sharpe=-2.9927  dd=  -0.75%  ret=   -0.7%  trades=5
  AUDUSD=X       sharpe=-2.4751  dd=  -1.49%  ret=  -1.47%  trades=17
  USDCAD=X       sharpe=-3.1344  dd=  -0.17%  ret=  -0.17%  trades=1
  USDCHF=X       sharpe=-0.3819  dd=  -0.51%  ret=  -0.08%  trades=5
  NZDUSD=X       sharpe=-1.9757  dd=  -1.16%  ret=  -1.02%  trades=15
  EURJPY=X       sharpe= -999.0  dd=    0.0%  ret=    0.0%  trades=0
  GC=F           sharpe= 2.2459  dd=  -2.06%  ret=   4.43%  trades=20
  SI=F           sharpe= 1.7289  dd=  -5.63%  ret=   6.89%  trades=23
  CL=F           sharpe= 0.5828  dd=  -9.83%  ret=   2.33%  trades=34
  SPY            sharpe=  2.851  dd=  -0.46%  ret=   0.45%  trades=1
  QQQ            sharpe= 2.8261  dd=  -0.66%  ret=   0.64%  trades=1
  ES=F           sharpe= 0.2617  dd=  -1.65%  ret=   0.22%  trades=16
  NQ=F           sharpe=  0.686  dd=  -1.77%  ret=   0.66%  trades=17
──────────────────────────────────────────────────

  [saved] /Users/dhanabordeemekintharanggur/Desktop/Projects/autoresearch/autoresearch-orb/results/apr5_006.json
