
──────────────────────────────────────────────────
TAG:              apr5_003
mean_sharpe:      -2.8557
median_sharpe:    -3.3428
mean_max_drawdown:-2.72%
mean_total_return:-0.75%
num_symbols:      15
params:           {"opening_range_bars": 3, "breakout_threshold": 0.0, "stop_loss_range_multiple": 1.0, "take_profit_range_multiple": 1.0, "max_trades_per_session": 1, "min_range_pct": 0.0, "close_at_session_end": true, "allowed_weekdays": [0, 1, 2, 3, 4], "sessions": [[8, 0, 12, 30], [13, 30, 20, 0]]}
──────────────────────────────────────────────────
  EURUSD=X       sharpe=-6.4984  dd=  -2.12%  ret=  -2.12%  trades=44
  USDJPY=X       sharpe=-6.3126  dd=  -2.64%  ret=   -2.6%  trades=44
  GBPUSD=X       sharpe=-3.3428  dd=  -1.42%  ret=  -1.24%  trades=44
  AUDUSD=X       sharpe=-4.2308  dd=  -2.15%  ret=  -1.76%  trades=44
  USDCAD=X       sharpe=-4.7398  dd=  -1.93%  ret=  -1.89%  trades=44
  USDCHF=X       sharpe=-3.9475  dd=  -1.79%  ret=  -1.78%  trades=44
  NZDUSD=X       sharpe=-0.6836  dd=  -0.78%  ret=  -0.31%  trades=44
  EURJPY=X       sharpe=-4.2681  dd=   -1.9%  ret=  -1.51%  trades=44
  GC=F           sharpe= 1.9274  dd=  -2.31%  ret=   3.65%  trades=42
  SI=F           sharpe=-1.9864  dd= -10.67%  ret=  -6.46%  trades=42
  CL=F           sharpe= 2.0611  dd=  -5.14%  ret=   9.85%  trades=42
  SPY            sharpe=-4.0843  dd=  -0.37%  ret=  -0.37%  trades=1
  QQQ            sharpe=-3.1731  dd=  -0.56%  ret=   -0.4%  trades=1
  ES=F           sharpe=-1.8986  dd=  -3.09%  ret=   -2.1%  trades=42
  NQ=F           sharpe=-1.6573  dd=  -3.99%  ret=  -2.15%  trades=42
──────────────────────────────────────────────────

  [saved] /Users/dhanabordeemekintharanggur/Desktop/Projects/autoresearch/autoresearch-orb/results/apr5_003.json
