
──────────────────────────────────────────────────
TAG:              apr5_037
mean_sharpe:      -264.1818
median_sharpe:    -5.619
mean_max_drawdown:-0.2%
mean_total_return:0.11%
num_symbols:      15
params:           {"opening_range_bars": 6, "breakout_threshold": 0.001, "stop_loss_range_multiple": 1.0, "take_profit_range_multiple": 1.0, "max_trades_per_session": 2, "min_range_pct": 0.0, "close_at_session_end": true, "allowed_weekdays": [0, 1, 2, 3, 4], "sessions": [[8, 0, 12, 30], [13, 30, 20, 0]]}
──────────────────────────────────────────────────
  EURUSD=X       sharpe= -5.619  dd=  -0.23%  ret=  -0.16%  trades=1
  USDJPY=X       sharpe= -6.742  dd=  -0.29%  ret=   -0.2%  trades=1
  GBPUSD=X       sharpe=-10.5384  dd=  -0.21%  ret=  -0.21%  trades=1
  AUDUSD=X       sharpe=-6.0613  dd=  -0.57%  ret=  -0.33%  trades=3
  USDCAD=X       sharpe= 7.9489  dd=  -0.11%  ret=    0.2%  trades=2
  USDCHF=X       sharpe= 6.7986  dd=  -0.09%  ret=   0.22%  trades=1
  NZDUSD=X       sharpe=-3.4984  dd=  -0.32%  ret=  -0.15%  trades=1
  EURJPY=X       sharpe= -999.0  dd=    0.0%  ret=    0.0%  trades=0
  GC=F           sharpe= -999.0  dd=    0.0%  ret=    0.0%  trades=0
  SI=F           sharpe= -999.0  dd=    0.0%  ret=    0.0%  trades=0
  CL=F           sharpe= -999.0  dd=    0.0%  ret=    0.0%  trades=0
  SPY            sharpe=14.2082  dd=  -0.35%  ret=   0.39%  trades=1
  QQQ            sharpe=13.0888  dd=  -0.44%  ret=    0.4%  trades=1
  ES=F           sharpe=13.9386  dd=  -0.17%  ret=   0.76%  trades=3
  NQ=F           sharpe=  9.749  dd=  -0.25%  ret=    0.7%  trades=2
──────────────────────────────────────────────────

  [saved] /Users/dhanabordeemekintharanggur/Desktop/Projects/autoresearch/autoresearch-orb/results/apr5_037.json
