
──────────────────────────────────────────────────
TAG:              apr5_015
mean_sharpe:      0.6901
median_sharpe:    0.8171
mean_max_drawdown:-1.42%
mean_total_return:3.11%
num_symbols:      15
params:           {"opening_range_bars": 6, "breakout_threshold": 0.001, "stop_loss_range_multiple": 2.0, "take_profit_range_multiple": 1.0, "max_trades_per_session": 1, "min_range_pct": 0.0, "close_at_session_end": true, "allowed_weekdays": [1, 2, 3, 4], "sessions": [[8, 0, 12, 30], [13, 30, 20, 0]]}
──────────────────────────────────────────────────
  EURUSD=X       sharpe= -0.997  dd=  -0.38%  ret=  -0.24%  trades=9
  USDJPY=X       sharpe=-2.7421  dd=  -0.69%  ret=  -0.66%  trades=9
  GBPUSD=X       sharpe= 0.8171  dd=  -0.59%  ret=   0.31%  trades=15
  AUDUSD=X       sharpe=-0.7288  dd=  -1.39%  ret=  -0.59%  trades=22
  USDCAD=X       sharpe=-3.8582  dd=  -0.91%  ret=  -0.91%  trades=4
  USDCHF=X       sharpe=-0.3611  dd=  -0.66%  ret=  -0.14%  trades=10
  NZDUSD=X       sharpe=  -1.43  dd=  -1.46%  ret=  -0.95%  trades=22
  EURJPY=X       sharpe=-0.8879  dd=  -0.23%  ret=  -0.11%  trades=3
  GC=F           sharpe=  2.414  dd=  -1.78%  ret=    4.7%  trades=21
  SI=F           sharpe= 3.4253  dd=  -4.22%  ret=  14.63%  trades=21
  CL=F           sharpe= 4.7317  dd=  -4.58%  ret=  25.43%  trades=31
  SPY            sharpe= 3.0585  dd=  -0.46%  ret=   0.45%  trades=1
  QQQ            sharpe= 2.8261  dd=  -0.66%  ret=   0.64%  trades=1
  ES=F           sharpe= 2.3449  dd=  -1.37%  ret=   2.16%  trades=18
  NQ=F           sharpe= 1.7397  dd=  -1.95%  ret=   1.89%  trades=20
──────────────────────────────────────────────────

  [saved] /Users/dhanabordeemekintharanggur/Desktop/Projects/autoresearch/autoresearch-orb/results/apr5_015.json
