
──────────────────────────────────────────────────
TAG:              apr5_043
mean_sharpe:      6.6328
median_sharpe:    7.9489
mean_max_drawdown:-0.28%
mean_total_return:0.47%
num_symbols:      15
params:           {"opening_range_bars": 6, "breakout_threshold": 0.001, "stop_loss_range_multiple": 1.0, "take_profit_range_multiple": 1.0, "max_trades_per_session": 1, "min_range_pct": 0.0, "close_at_session_end": true, "allowed_weekdays": [0, 1, 2, 3, 4], "sessions": [[8, 0, 12, 30], [13, 30, 20, 0]]}
──────────────────────────────────────────────────
  EURUSD=X       sharpe= 0.7706  dd=  -0.24%  ret=   0.03%  trades=3
  USDJPY=X       sharpe= -6.742  dd=  -0.29%  ret=   -0.2%  trades=1
  GBPUSD=X       sharpe=-0.5312  dd=  -0.28%  ret=  -0.02%  trades=2
  AUDUSD=X       sharpe= 0.6031  dd=   -0.3%  ret=   0.02%  trades=4
  USDCAD=X       sharpe= 7.9489  dd=  -0.11%  ret=    0.2%  trades=2
  USDCHF=X       sharpe= 6.7986  dd=  -0.09%  ret=   0.22%  trades=1
  NZDUSD=X       sharpe=  2.034  dd=  -0.38%  ret=   0.11%  trades=3
  EURJPY=X       sharpe= 2.3332  dd=  -0.06%  ret=   0.05%  trades=1
  GC=F           sharpe=14.4589  dd=   -0.1%  ret=   0.69%  trades=2
  SI=F           sharpe=13.4132  dd=   -0.5%  ret=   2.35%  trades=2
  CL=F           sharpe= 9.3025  dd=  -0.61%  ret=   1.62%  trades=2
  SPY            sharpe=14.2082  dd=  -0.35%  ret=   0.39%  trades=1
  QQQ            sharpe=13.0888  dd=  -0.44%  ret=    0.4%  trades=1
  ES=F           sharpe=12.0557  dd=  -0.17%  ret=   0.51%  trades=2
  NQ=F           sharpe=  9.749  dd=  -0.25%  ret=    0.7%  trades=2
──────────────────────────────────────────────────

  [saved] /Users/dhanabordeemekintharanggur/Desktop/Projects/autoresearch/autoresearch-orb/results/apr5_043.json
