
──────────────────────────────────────────────────
TAG:              apr5_032
mean_sharpe:      0.5207
median_sharpe:    0.6181
mean_max_drawdown:-1.33%
mean_total_return:2.74%
num_symbols:      15
params:           {"opening_range_bars": 6, "breakout_threshold": 0.001, "stop_loss_range_multiple": 1.8, "take_profit_range_multiple": 0.9, "max_trades_per_session": 1, "min_range_pct": 0.0, "close_at_session_end": true, "allowed_weekdays": [1, 2, 3, 4], "sessions": [[8, 0, 12, 30], [13, 30, 20, 0]]}
──────────────────────────────────────────────────
  EURUSD=X       sharpe= -1.765  dd=  -0.48%  ret=   -0.4%  trades=9
  USDJPY=X       sharpe=-2.7768  dd=  -0.66%  ret=  -0.63%  trades=9
  GBPUSD=X       sharpe= 0.6181  dd=  -0.57%  ret=   0.23%  trades=15
  AUDUSD=X       sharpe=-0.3947  dd=  -0.96%  ret=   -0.3%  trades=22
  USDCAD=X       sharpe=-3.7408  dd=  -0.85%  ret=  -0.85%  trades=4
  USDCHF=X       sharpe=-0.2092  dd=  -0.64%  ret=  -0.08%  trades=10
  NZDUSD=X       sharpe=-1.9044  dd=  -1.56%  ret=  -1.16%  trades=22
  EURJPY=X       sharpe= -0.997  dd=  -0.23%  ret=  -0.12%  trades=3
  GC=F           sharpe= 2.3725  dd=  -1.78%  ret=   4.55%  trades=21
  SI=F           sharpe=  3.036  dd=  -3.93%  ret=  12.38%  trades=21
  CL=F           sharpe= 4.4473  dd=  -4.14%  ret=   22.8%  trades=31
  SPY            sharpe=  2.768  dd=  -0.46%  ret=    0.4%  trades=1
  QQQ            sharpe= 2.5527  dd=  -0.66%  ret=   0.57%  trades=1
  ES=F           sharpe=  2.009  dd=  -1.33%  ret=   1.81%  trades=18
  NQ=F           sharpe= 1.7949  dd=  -1.71%  ret=    1.9%  trades=20
──────────────────────────────────────────────────

  [saved] /Users/dhanabordeemekintharanggur/Desktop/Projects/autoresearch/autoresearch-orb/results/apr5_032.json
