
──────────────────────────────────────────────────
TAG:              apr5_016
mean_sharpe:      -3.6692
median_sharpe:    -2.5098
mean_max_drawdown:-0.64%
mean_total_return:0.16%
num_symbols:      15
params:           {"opening_range_bars": 6, "breakout_threshold": 0.001, "stop_loss_range_multiple": 0.5, "take_profit_range_multiple": 2.0, "max_trades_per_session": 2, "min_range_pct": 0.0, "close_at_session_end": true, "allowed_weekdays": [0, 1, 2, 3, 4], "sessions": [[8, 0, 12, 30], [13, 30, 20, 0]]}
──────────────────────────────────────────────────
  EURUSD=X       sharpe=-4.1066  dd=  -0.32%  ret=  -0.21%  trades=6
  USDJPY=X       sharpe=-8.9896  dd=  -0.28%  ret=  -0.27%  trades=3
  GBPUSD=X       sharpe=-8.4375  dd=  -0.68%  ret=  -0.45%  trades=7
  AUDUSD=X       sharpe= 1.4553  dd=  -0.67%  ret=   0.12%  trades=7
  USDCAD=X       sharpe=-11.3838  dd=  -0.66%  ret=  -0.58%  trades=5
  USDCHF=X       sharpe=-7.3153  dd=  -0.52%  ret=  -0.52%  trades=7
  NZDUSD=X       sharpe=-1.3489  dd=  -0.57%  ret=  -0.09%  trades=7
  EURJPY=X       sharpe=-6.8055  dd=  -0.37%  ret=  -0.23%  trades=5
  GC=F           sharpe= 3.9479  dd=   -0.6%  ret=   0.46%  trades=4
  SI=F           sharpe=  4.029  dd=  -1.94%  ret=   1.24%  trades=4
  CL=F           sharpe= 7.4892  dd=  -1.27%  ret=   2.36%  trades=4
  SPY            sharpe=-2.5098  dd=  -0.49%  ret=  -0.05%  trades=2
  QQQ            sharpe=-34.409  dd=  -0.52%  ret=  -0.52%  trades=2
  ES=F           sharpe=  6.842  dd=  -0.28%  ret=   0.43%  trades=3
  NQ=F           sharpe= 6.5041  dd=  -0.44%  ret=   0.72%  trades=3
──────────────────────────────────────────────────

  [saved] /Users/dhanabordeemekintharanggur/Desktop/Projects/autoresearch/autoresearch-orb/results/apr5_016.json
