
──────────────────────────────────────────────────
TAG:              apr5_022
mean_sharpe:      0.4065
median_sharpe:    0.0612
mean_max_drawdown:-2.02%
mean_total_return:2.39%
num_symbols:      15
params:           {"opening_range_bars": 6, "breakout_threshold": 0.001, "stop_loss_range_multiple": 2.0, "take_profit_range_multiple": 1.0, "max_trades_per_session": 1, "min_range_pct": 0.0, "close_at_session_end": false, "allowed_weekdays": [1, 2, 3, 4], "sessions": [[8, 0, 12, 30], [13, 30, 20, 0]]}
──────────────────────────────────────────────────
  EURUSD=X       sharpe=-1.2598  dd=  -0.41%  ret=  -0.33%  trades=9
  USDJPY=X       sharpe= -2.715  dd=  -0.92%  ret=  -0.89%  trades=9
  GBPUSD=X       sharpe= 1.0313  dd=  -0.96%  ret=   0.47%  trades=14
  AUDUSD=X       sharpe= -1.113  dd=  -1.62%  ret=  -1.06%  trades=21
  USDCAD=X       sharpe=-3.8557  dd=  -1.52%  ret=  -1.52%  trades=4
  USDCHF=X       sharpe=-0.3281  dd=  -0.65%  ret=  -0.17%  trades=10
  NZDUSD=X       sharpe=-1.8099  dd=   -1.7%  ret=  -1.41%  trades=21
  EURJPY=X       sharpe=-0.4468  dd=  -0.33%  ret=  -0.08%  trades=3
  GC=F           sharpe= 0.0612  dd=  -5.55%  ret=   0.05%  trades=21
  SI=F           sharpe= 1.9685  dd=  -5.59%  ret=  10.16%  trades=19
  CL=F           sharpe= 4.1527  dd=  -6.21%  ret=   23.4%  trades=30
  SPY            sharpe= 3.0585  dd=  -0.46%  ret=   0.45%  trades=1
  QQQ            sharpe= 2.8261  dd=  -0.66%  ret=   0.64%  trades=1
  ES=F           sharpe= 3.2247  dd=  -1.72%  ret=   4.53%  trades=18
  NQ=F           sharpe= 1.3024  dd=  -2.05%  ret=   1.61%  trades=20
──────────────────────────────────────────────────

  [saved] /Users/dhanabordeemekintharanggur/Desktop/Projects/autoresearch/autoresearch-orb/results/apr5_022.json
