
──────────────────────────────────────────────────
TAG:              apr5_028
mean_sharpe:      0.705
median_sharpe:    0.9643
mean_max_drawdown:-1.34%
mean_total_return:3.24%
num_symbols:      15
params:           {"opening_range_bars": 6, "breakout_threshold": 0.001, "stop_loss_range_multiple": 1.75, "take_profit_range_multiple": 1.0, "max_trades_per_session": 1, "min_range_pct": 0.0, "close_at_session_end": true, "allowed_weekdays": [1, 2, 3, 4], "sessions": [[8, 0, 12, 30], [13, 30, 20, 0]]}
──────────────────────────────────────────────────
  EURUSD=X       sharpe=-1.4954  dd=  -0.42%  ret=  -0.34%  trades=9
  USDJPY=X       sharpe=-2.4568  dd=  -0.61%  ret=  -0.58%  trades=9
  GBPUSD=X       sharpe= 0.9643  dd=  -0.54%  ret=   0.37%  trades=15
  AUDUSD=X       sharpe=-0.9106  dd=  -1.35%  ret=  -0.73%  trades=22
  USDCAD=X       sharpe=-4.3185  dd=  -0.94%  ret=  -0.94%  trades=4
  USDCHF=X       sharpe=-0.2747  dd=  -0.62%  ret=   -0.1%  trades=10
  NZDUSD=X       sharpe= -1.383  dd=   -1.4%  ret=  -0.89%  trades=22
  EURJPY=X       sharpe=-0.8879  dd=  -0.23%  ret=  -0.11%  trades=3
  GC=F           sharpe= 2.5372  dd=  -1.77%  ret=   4.92%  trades=21
  SI=F           sharpe= 3.5222  dd=  -3.93%  ret=  14.93%  trades=21
  CL=F           sharpe= 4.9775  dd=  -4.03%  ret=  26.58%  trades=31
  SPY            sharpe= 3.0585  dd=  -0.46%  ret=   0.45%  trades=1
  QQQ            sharpe= 2.8261  dd=  -0.66%  ret=   0.64%  trades=1
  ES=F           sharpe=  2.477  dd=  -1.29%  ret=   2.27%  trades=18
  NQ=F           sharpe= 1.9397  dd=  -1.85%  ret=   2.18%  trades=20
──────────────────────────────────────────────────

  [saved] /Users/dhanabordeemekintharanggur/Desktop/Projects/autoresearch/autoresearch-orb/results/apr5_028.json
