
──────────────────────────────────────────────────
TAG:              apr5_042
mean_sharpe:      -62.0403
median_sharpe:    2.3332
mean_max_drawdown:-0.28%
mean_total_return:0.44%
num_symbols:      15
params:           {"opening_range_bars": 7, "breakout_threshold": 0.001, "stop_loss_range_multiple": 1.0, "take_profit_range_multiple": 1.0, "max_trades_per_session": 1, "min_range_pct": 0.0, "close_at_session_end": true, "allowed_weekdays": [0, 1, 2, 3, 4], "sessions": [[8, 0, 12, 30], [13, 30, 20, 0]]}
──────────────────────────────────────────────────
  EURUSD=X       sharpe= 1.2263  dd=  -0.24%  ret=   0.05%  trades=3
  USDJPY=X       sharpe= -6.742  dd=  -0.29%  ret=   -0.2%  trades=1
  GBPUSD=X       sharpe= 0.2951  dd=   -0.3%  ret=   0.01%  trades=3
  AUDUSD=X       sharpe=-1.0879  dd=  -0.37%  ret=  -0.05%  trades=4
  USDCAD=X       sharpe= -2.011  dd=  -0.19%  ret=  -0.04%  trades=2
  USDCHF=X       sharpe= 6.7986  dd=  -0.09%  ret=   0.22%  trades=1
  NZDUSD=X       sharpe=-1.8281  dd=  -0.48%  ret=   -0.1%  trades=3
  EURJPY=X       sharpe= 2.3332  dd=  -0.06%  ret=   0.05%  trades=1
  GC=F           sharpe=12.1643  dd=  -0.26%  ret=   0.95%  trades=2
  SI=F           sharpe=13.4132  dd=   -0.5%  ret=   2.35%  trades=2
  CL=F           sharpe= 9.5762  dd=  -0.61%  ret=   1.68%  trades=2
  SPY            sharpe= -999.0  dd=    0.0%  ret=    0.0%  trades=0
  QQQ            sharpe=12.4522  dd=  -0.46%  ret=   0.41%  trades=1
  ES=F           sharpe=12.0557  dd=  -0.17%  ret=   0.51%  trades=2
  NQ=F           sharpe=  9.749  dd=  -0.25%  ret=    0.7%  trades=2
──────────────────────────────────────────────────

  [saved] /Users/dhanabordeemekintharanggur/Desktop/Projects/autoresearch/autoresearch-orb/results/apr5_042.json
