
──────────────────────────────────────────────────
TAG:              apr5_005
mean_sharpe:      2.1005
median_sharpe:    0.4326
mean_max_drawdown:-0.58%
mean_total_return:0.44%
num_symbols:      15
params:           {"opening_range_bars": 3, "breakout_threshold": 0.0, "stop_loss_range_multiple": 1.0, "take_profit_range_multiple": 1.5, "max_trades_per_session": 2, "min_range_pct": 0.0, "close_at_session_end": true, "allowed_weekdays": [0, 1, 2, 3, 4], "sessions": [[8, 0, 12, 30], [13, 30, 20, 0]]}
──────────────────────────────────────────────────
  EURUSD=X       sharpe= 0.4326  dd=  -0.41%  ret=   0.02%  trades=8
  USDJPY=X       sharpe=-14.4197  dd=  -0.89%  ret=  -0.89%  trades=8
  GBPUSD=X       sharpe=-0.9656  dd=  -0.48%  ret=  -0.08%  trades=8
  AUDUSD=X       sharpe=-5.6305  dd=  -0.37%  ret=  -0.37%  trades=8
  USDCAD=X       sharpe=-1.4676  dd=  -0.37%  ret=   -0.1%  trades=8
  USDCHF=X       sharpe=-7.8099  dd=  -0.75%  ret=   -0.6%  trades=8
  NZDUSD=X       sharpe=-10.2038  dd=  -0.69%  ret=  -0.63%  trades=8
  EURJPY=X       sharpe=-2.1725  dd=  -0.37%  ret=  -0.12%  trades=6
  GC=F           sharpe=12.9552  dd=   -0.4%  ret=   1.21%  trades=4
  SI=F           sharpe=13.8615  dd=  -0.81%  ret=   4.47%  trades=4
  CL=F           sharpe= 7.8515  dd=   -1.3%  ret=   2.05%  trades=4
  SPY            sharpe= 17.772  dd=  -0.33%  ret=   0.59%  trades=2
  QQQ            sharpe=16.2744  dd=  -0.44%  ret=   0.65%  trades=2
  ES=F           sharpe= 1.2962  dd=  -0.34%  ret=   0.06%  trades=4
  NQ=F           sharpe=  3.733  dd=   -0.7%  ret=   0.32%  trades=4
──────────────────────────────────────────────────

  [saved] /Users/dhanabordeemekintharanggur/Desktop/Projects/autoresearch/autoresearch-orb/results/apr5_005.json
