
──────────────────────────────────────────────────
TAG:              apr5_024
mean_sharpe:      -0.3169
median_sharpe:    -0.2555
mean_max_drawdown:-1.74%
mean_total_return:1.17%
num_symbols:      15
params:           {"opening_range_bars": 6, "breakout_threshold": 0.001, "stop_loss_range_multiple": 2.0, "take_profit_range_multiple": 1.0, "max_trades_per_session": 1, "min_range_pct": 0.0, "close_at_session_end": true, "allowed_weekdays": [1, 2, 3, 4], "sessions": [[8, 0, 12, 30], [13, 30, 20, 0]]}
──────────────────────────────────────────────────
  EURUSD=X       sharpe=-2.8651  dd=  -0.61%  ret=  -0.53%  trades=9
  USDJPY=X       sharpe= -4.025  dd=  -0.99%  ret=  -0.99%  trades=11
  GBPUSD=X       sharpe=-2.2832  dd=  -1.15%  ret=  -0.98%  trades=18
  AUDUSD=X       sharpe=-0.9395  dd=  -1.28%  ret=  -0.73%  trades=23
  USDCAD=X       sharpe=-4.7895  dd=  -1.13%  ret=  -1.11%  trades=9
  USDCHF=X       sharpe=-0.1986  dd=  -0.73%  ret=  -0.07%  trades=13
  NZDUSD=X       sharpe=-1.2769  dd=  -1.25%  ret=  -0.79%  trades=22
  EURJPY=X       sharpe=-1.1202  dd=   -0.3%  ret=  -0.19%  trades=7
  GC=F           sharpe= 2.0849  dd=  -1.93%  ret=   3.62%  trades=27
  SI=F           sharpe= 1.4466  dd=  -6.25%  ret=    5.1%  trades=31
  CL=F           sharpe=   2.89  dd=  -6.13%  ret=  11.86%  trades=34
  SPY            sharpe=  2.195  dd=  -0.46%  ret=   0.31%  trades=1
  QQQ            sharpe= 2.1938  dd=  -0.65%  ret=   0.46%  trades=1
  ES=F           sharpe=-0.2555  dd=  -1.82%  ret=  -0.28%  trades=25
  NQ=F           sharpe= 2.1892  dd=  -1.42%  ret=   1.93%  trades=22
──────────────────────────────────────────────────

  [saved] /Users/dhanabordeemekintharanggur/Desktop/Projects/autoresearch/autoresearch-orb/results/apr5_024.json
