
──────────────────────────────────────────────────
TAG:              apr5_000
mean_sharpe:      0.101
median_sharpe:    0.3136
mean_max_drawdown:-1.97%
mean_total_return:1.26%
num_symbols:      15
params:           {"opening_range_bars": 6, "breakout_threshold": 0.001, "stop_loss_range_multiple": 1.0, "take_profit_range_multiple": 1.0, "max_trades_per_session": 1, "min_range_pct": 0.0, "close_at_session_end": true, "allowed_weekdays": [0, 1, 2, 3, 4], "sessions": [[8, 0, 12, 30], [13, 30, 20, 0]]}
──────────────────────────────────────────────────
  EURUSD=X       sharpe=-3.0398  dd=  -0.81%  ret=  -0.73%  trades=12
  USDJPY=X       sharpe=-3.0716  dd=  -0.76%  ret=  -0.71%  trades=10
  GBPUSD=X       sharpe= 1.4401  dd=  -0.55%  ret=   0.53%  trades=16
  AUDUSD=X       sharpe=-1.3824  dd=  -1.49%  ret=  -1.07%  trades=25
  USDCAD=X       sharpe=-2.8739  dd=  -0.48%  ret=  -0.48%  trades=5
  USDCHF=X       sharpe=-0.8994  dd=  -0.55%  ret=   -0.3%  trades=13
  NZDUSD=X       sharpe=-2.3807  dd=  -1.65%  ret=  -1.58%  trades=28
  EURJPY=X       sharpe=-1.5059  dd=  -0.36%  ret=  -0.22%  trades=6
  GC=F           sharpe= 2.1801  dd=  -2.14%  ret=   4.98%  trades=25
  SI=F           sharpe= 2.8693  dd=  -5.53%  ret=  12.07%  trades=25
  CL=F           sharpe= 0.3136  dd= -11.43%  ret=   1.13%  trades=38
  SPY            sharpe= 3.0585  dd=  -0.46%  ret=   0.45%  trades=1
  QQQ            sharpe= 2.8261  dd=  -0.66%  ret=   0.64%  trades=1
  ES=F           sharpe= 2.2467  dd=  -1.15%  ret=    2.2%  trades=22
  NQ=F           sharpe= 1.7336  dd=  -1.56%  ret=   1.92%  trades=23
──────────────────────────────────────────────────

  [saved] /Users/dhanabordeemekintharanggur/Desktop/Projects/autoresearch/autoresearch-orb/results/apr5_000.json
