
──────────────────────────────────────────────────
TAG:              apr5_002
mean_sharpe:      -2.411
median_sharpe:    -2.1161
mean_max_drawdown:-2.26%
mean_total_return:0.05%
num_symbols:      15
params:           {"opening_range_bars": 3, "breakout_threshold": 0.001, "stop_loss_range_multiple": 1.0, "take_profit_range_multiple": 1.0, "max_trades_per_session": 1, "min_range_pct": 0.0, "close_at_session_end": true, "allowed_weekdays": [0, 1, 2, 3, 4], "sessions": [[8, 0, 12, 30], [13, 30, 20, 0]]}
──────────────────────────────────────────────────
  EURUSD=X       sharpe=-5.6519  dd=  -2.11%  ret=   -2.0%  trades=42
  USDJPY=X       sharpe=-7.4571  dd=  -2.29%  ret=  -2.25%  trades=32
  GBPUSD=X       sharpe=-4.8201  dd=  -1.58%  ret=  -1.58%  trades=39
  AUDUSD=X       sharpe=-2.1161  dd=  -1.45%  ret=  -0.99%  trades=43
  USDCAD=X       sharpe=-4.7203  dd=  -1.45%  ret=  -1.22%  trades=20
  USDCHF=X       sharpe=-2.6179  dd=   -1.6%  ret=  -1.09%  trades=40
  NZDUSD=X       sharpe=-1.9397  dd=   -1.0%  ret=  -0.75%  trades=43
  EURJPY=X       sharpe=-6.2645  dd=  -1.78%  ret=  -1.61%  trades=31
  GC=F           sharpe= 2.5637  dd=  -2.11%  ret=   4.87%  trades=42
  SI=F           sharpe= 0.1242  dd=  -5.46%  ret=   0.22%  trades=42
  CL=F           sharpe= 2.3265  dd=  -5.53%  ret=  11.24%  trades=42
  SPY            sharpe= 2.0852  dd=  -0.46%  ret=    0.3%  trades=1
  QQQ            sharpe=-4.1748  dd=  -0.41%  ret=  -0.41%  trades=1
  ES=F           sharpe=-2.0605  dd=  -2.83%  ret=  -2.11%  trades=41
  NQ=F           sharpe=-1.4422  dd=  -3.79%  ret=  -1.85%  trades=42
──────────────────────────────────────────────────

  [saved] /Users/dhanabordeemekintharanggur/Desktop/Projects/autoresearch/autoresearch-orb/results/apr5_002.json
