
──────────────────────────────────────────────────
TAG:              apr6_018
mean_sharpe:      0.933
median_sharpe:    1.6344
mean_max_drawdown:-1.19%
mean_total_return:2.17%
num_symbols:      15
params:           {"opening_range_bars": 6, "breakout_threshold": 0.001, "stop_loss_range_multiple": 1.8, "take_profit_range_multiple": 1.0, "max_trades_per_session": 1, "min_range_pct": 0.0, "close_at_session_end": true, "allowed_weekdays": [1, 2, 3, 4], "sessions": [[8, 0, 12, 30], [13, 30, 20, 0]]}
──────────────────────────────────────────────────
  EURUSD=X       sharpe= 0.0891  dd=  -0.28%  ret=   0.02%  trades=9
  USDJPY=X       sharpe=-2.4306  dd=  -0.59%  ret=  -0.54%  trades=9
  GBPUSD=X       sharpe= 1.7187  dd=  -0.44%  ret=   0.67%  trades=15
  AUDUSD=X       sharpe=-0.3435  dd=  -1.26%  ret=  -0.26%  trades=22
  USDCAD=X       sharpe=-3.4187  dd=  -0.61%  ret=  -0.61%  trades=4
  USDCHF=X       sharpe= 0.4596  dd=  -0.51%  ret=   0.16%  trades=10
  NZDUSD=X       sharpe=-1.4838  dd=  -0.98%  ret=  -0.89%  trades=22
  EURJPY=X       sharpe=-0.3932  dd=  -0.19%  ret=  -0.05%  trades=3
  GC=F           sharpe= 1.6344  dd=  -2.33%  ret=   2.66%  trades=21
  SI=F           sharpe= 3.4993  dd=  -3.21%  ret=   13.2%  trades=21
  CL=F           sharpe= 2.8583  dd=   -3.7%  ret=   11.9%  trades=31
  SPY            sharpe= 3.1651  dd=  -0.46%  ret=   0.47%  trades=1
  QQQ            sharpe= 2.9101  dd=  -0.66%  ret=   0.66%  trades=1
  ES=F           sharpe= 3.6784  dd=  -0.89%  ret=   3.03%  trades=18
  NQ=F           sharpe= 2.0522  dd=  -1.71%  ret=   2.11%  trades=20
──────────────────────────────────────────────────

  [saved] /Users/dhanabordeemekintharanggur/Desktop/Projects/autoresearch/autoresearch-orb/results/apr6_018.json
