
──────────────────────────────────────────────────
TAG:              apr6_005
mean_sharpe:      0.2981
median_sharpe:    -0.6869
mean_max_drawdown:-0.56%
mean_total_return:0.05%
num_symbols:      15
params:           {"opening_range_bars": 6, "breakout_threshold": 0.001, "stop_loss_range_multiple": 1.2, "take_profit_range_multiple": 1.0, "max_trades_per_session": 1, "min_range_pct": 0.0, "close_at_session_end": true, "allowed_weekdays": [1, 2, 3, 4], "sessions": [[8, 0, 12, 30], [13, 30, 20, 0]]}
──────────────────────────────────────────────────
  EURUSD=X       sharpe=-1.6556  dd=  -0.41%  ret=  -0.32%  trades=9
  USDJPY=X       sharpe=-2.6341  dd=  -0.62%  ret=  -0.58%  trades=9
  GBPUSD=X       sharpe= 0.7787  dd=  -0.62%  ret=   0.28%  trades=15
  AUDUSD=X       sharpe=-0.5969  dd=   -1.2%  ret=  -0.46%  trades=22
  USDCAD=X       sharpe=-3.5306  dd=  -0.67%  ret=  -0.67%  trades=4
  USDCHF=X       sharpe= -0.792  dd=  -0.66%  ret=  -0.26%  trades=10
  NZDUSD=X       sharpe=-0.6869  dd=  -0.95%  ret=  -0.44%  trades=22
  EURJPY=X       sharpe=-1.4646  dd=   -0.3%  ret=  -0.17%  trades=3
  GC=F           sharpe= 5.7706  dd=  -0.54%  ret=   0.45%  trades=2
  SI=F           sharpe=13.1796  dd=   -0.1%  ret=   1.33%  trades=1
  CL=F           sharpe=14.7462  dd=    0.0%  ret=   1.77%  trades=2
  SPY            sharpe= 3.0585  dd=  -0.46%  ret=   0.45%  trades=1
  QQQ            sharpe= 2.8261  dd=  -0.66%  ret=   0.64%  trades=1
  ES=F           sharpe=-13.3223  dd=  -0.65%  ret=  -0.63%  trades=2
  NQ=F           sharpe=-11.2048  dd=  -0.61%  ret=  -0.57%  trades=2
──────────────────────────────────────────────────

  [saved] /Users/dhanabordeemekintharanggur/Desktop/Projects/autoresearch/autoresearch-orb/results/apr6_005.json
