
──────────────────────────────────────────────────
TAG:              apr6_012
mean_sharpe:      -131.884
median_sharpe:    0.9851
mean_max_drawdown:-1.0%
mean_total_return:3.23%
num_symbols:      15
params:           {"opening_range_bars": 6, "breakout_threshold": 0.001, "stop_loss_range_multiple": 1.8, "take_profit_range_multiple": 1.0, "max_trades_per_session": 1, "min_range_pct": 0.0, "close_at_session_end": true, "allowed_weekdays": [1, 2, 3, 4], "sessions": [[8, 0, 12, 30], [13, 30, 20, 0]]}
──────────────────────────────────────────────────
  EURUSD=X       sharpe= -1.051  dd=  -0.35%  ret=  -0.19%  trades=4
  USDJPY=X       sharpe=-1.1615  dd=  -0.43%  ret=   -0.2%  trades=4
  GBPUSD=X       sharpe=-0.7334  dd=  -0.52%  ret=   -0.2%  trades=8
  AUDUSD=X       sharpe= 0.5551  dd=  -0.77%  ret=   0.37%  trades=11
  USDCAD=X       sharpe= -999.0  dd=    0.0%  ret=    0.0%  trades=0
  USDCHF=X       sharpe=-1.9858  dd=  -0.57%  ret=  -0.42%  trades=3
  NZDUSD=X       sharpe= 0.9851  dd=  -0.62%  ret=    0.5%  trades=11
  EURJPY=X       sharpe= -999.0  dd=    0.0%  ret=    0.0%  trades=0
  GC=F           sharpe=  1.893  dd=   -1.8%  ret=    3.5%  trades=17
  SI=F           sharpe= 3.9833  dd=  -3.93%  ret=  16.07%  trades=17
  CL=F           sharpe= 5.0579  dd=  -3.16%  ret=  23.79%  trades=22
  SPY            sharpe= 3.0585  dd=  -0.46%  ret=   0.45%  trades=1
  QQQ            sharpe= 2.8261  dd=  -0.66%  ret=   0.64%  trades=1
  ES=F           sharpe= 4.5469  dd=  -0.38%  ret=   2.52%  trades=7
  NQ=F           sharpe= 1.7658  dd=  -1.34%  ret=   1.64%  trades=11
──────────────────────────────────────────────────

  [saved] /Users/dhanabordeemekintharanggur/Desktop/Projects/autoresearch/autoresearch-orb/results/apr6_012.json
