
──────────────────────────────────────────────────
TAG:              apr6_009
mean_sharpe:      -132.4312
median_sharpe:    0.1265
mean_max_drawdown:-1.06%
mean_total_return:3.36%
num_symbols:      15
params:           {"opening_range_bars": 6, "breakout_threshold": 0.001, "stop_loss_range_multiple": 1.8, "take_profit_range_multiple": 1.0, "max_trades_per_session": 1, "min_range_pct": 0.0, "close_at_session_end": true, "allowed_weekdays": [1, 2, 3, 4], "sessions": [[8, 0, 12, 30], [13, 30, 20, 0]]}
──────────────────────────────────────────────────
  EURUSD=X       sharpe=-2.7023  dd=  -0.29%  ret=  -0.26%  trades=1
  USDJPY=X       sharpe= -2.422  dd=  -0.22%  ret=  -0.19%  trades=1
  GBPUSD=X       sharpe=-0.1015  dd=  -0.24%  ret=  -0.01%  trades=1
  AUDUSD=X       sharpe=-0.9862  dd=  -0.36%  ret=  -0.18%  trades=1
  USDCAD=X       sharpe= -999.0  dd=    0.0%  ret=    0.0%  trades=0
  USDCHF=X       sharpe= 0.1265  dd=  -0.21%  ret=   0.02%  trades=1
  NZDUSD=X       sharpe=-3.5367  dd=  -0.47%  ret=  -0.47%  trades=1
  EURJPY=X       sharpe= -999.0  dd=    0.0%  ret=    0.0%  trades=0
  GC=F           sharpe= 2.5108  dd=  -1.78%  ret=   4.88%  trades=21
  SI=F           sharpe= 3.4889  dd=  -3.93%  ret=  14.79%  trades=21
  CL=F           sharpe= 4.9308  dd=  -4.14%  ret=  26.35%  trades=31
  SPY            sharpe= 3.0585  dd=  -0.46%  ret=   0.45%  trades=1
  QQQ            sharpe= 2.8261  dd=  -0.66%  ret=   0.64%  trades=1
  ES=F           sharpe=  2.448  dd=  -1.31%  ret=   2.25%  trades=18
  NQ=F           sharpe= 1.8914  dd=  -1.89%  ret=   2.12%  trades=20
──────────────────────────────────────────────────

  [saved] /Users/dhanabordeemekintharanggur/Desktop/Projects/autoresearch/autoresearch-orb/results/apr6_009.json
