
──────────────────────────────────────────────────
TAG:              apr6_013
mean_sharpe:      -531.5957
median_sharpe:    -999.0
mean_max_drawdown:-0.96%
mean_total_return:3.23%
num_symbols:      15
params:           {"opening_range_bars": 6, "breakout_threshold": 0.001, "stop_loss_range_multiple": 1.8, "take_profit_range_multiple": 1.0, "max_trades_per_session": 1, "min_range_pct": 0.0, "close_at_session_end": true, "allowed_weekdays": [1, 2, 3, 4], "sessions": [[8, 0, 12, 30], [13, 30, 20, 0]]}
──────────────────────────────────────────────────
  EURUSD=X       sharpe= -999.0  dd=    0.0%  ret=    0.0%  trades=0
  USDJPY=X       sharpe= -999.0  dd=    0.0%  ret=    0.0%  trades=0
  GBPUSD=X       sharpe= -999.0  dd=    0.0%  ret=    0.0%  trades=0
  AUDUSD=X       sharpe= -999.0  dd=    0.0%  ret=    0.0%  trades=0
  USDCAD=X       sharpe= -999.0  dd=    0.0%  ret=    0.0%  trades=0
  USDCHF=X       sharpe= -999.0  dd=    0.0%  ret=    0.0%  trades=0
  NZDUSD=X       sharpe= -999.0  dd=    0.0%  ret=    0.0%  trades=0
  EURJPY=X       sharpe= -999.0  dd=    0.0%  ret=    0.0%  trades=0
  GC=F           sharpe= 2.6709  dd=  -1.75%  ret=   4.54%  trades=19
  SI=F           sharpe=   4.79  dd=  -2.35%  ret=  19.78%  trades=19
  CL=F           sharpe= 3.8127  dd=  -6.96%  ret=  18.84%  trades=27
  SPY            sharpe=-0.7476  dd=  -0.29%  ret=  -0.11%  trades=1
  QQQ            sharpe= 2.6889  dd=  -0.28%  ret=   0.36%  trades=1
  ES=F           sharpe= 2.3077  dd=  -1.25%  ret=   2.23%  trades=17
  NQ=F           sharpe= 2.5415  dd=  -1.52%  ret=   2.79%  trades=18
──────────────────────────────────────────────────

  [saved] /Users/dhanabordeemekintharanggur/Desktop/Projects/autoresearch/autoresearch-orb/results/apr6_013.json
