/Library/Frameworks/Python.framework/Versions/3.9/lib/python3.9/site-packages/backtesting/_stats.py:122: RuntimeWarning: divide by zero encountered in scalar divide
  s.loc['Sortino Ratio'] = np.clip((annualized_return - risk_free_rate) / (np.sqrt(np.mean(day_returns.clip(-np.inf, 0)**2)) * np.sqrt(annual_trading_days)), 0, np.inf)  # noqa: E501

──────────────────────────────────────────────────
TAG:              apr6_017
mean_sharpe:      -199.5973
median_sharpe:    -0.7318
mean_max_drawdown:-0.93%
mean_total_return:0.8%
num_symbols:      15
params:           {"opening_range_bars": 6, "breakout_threshold": 0.001, "stop_loss_range_multiple": 1.8, "take_profit_range_multiple": 1.0, "breakout_body_min": 0.5, "max_trades_per_session": 1, "min_range_pct": 0.0, "close_at_session_end": true, "allowed_weekdays": [1, 2, 3, 4], "sessions": [[8, 0, 12, 30], [13, 30, 20, 0]]}
──────────────────────────────────────────────────
  EURUSD=X       sharpe=-1.2895  dd=  -0.41%  ret=  -0.29%  trades=7
  USDJPY=X       sharpe=-3.2082  dd=  -0.38%  ret=  -0.35%  trades=4
  GBPUSD=X       sharpe= 0.4623  dd=  -0.24%  ret=   0.11%  trades=7
  AUDUSD=X       sharpe=-1.1141  dd=  -0.85%  ret=  -0.55%  trades=10
  USDCAD=X       sharpe= -999.0  dd=    0.0%  ret=    0.0%  trades=0
  USDCHF=X       sharpe= 1.1618  dd=  -0.21%  ret=   0.25%  trades=5
  NZDUSD=X       sharpe=-1.3722  dd=  -0.73%  ret=  -0.49%  trades=10
  EURJPY=X       sharpe= -999.0  dd=    0.0%  ret=    0.0%  trades=0
  GC=F           sharpe= 0.2262  dd=  -2.11%  ret=   0.23%  trades=7
  SI=F           sharpe= 2.7103  dd=  -2.35%  ret=   5.48%  trades=8
  CL=F           sharpe= 2.4605  dd=  -4.14%  ret=   7.21%  trades=11
  SPY            sharpe= 3.1651  dd=  -0.46%  ret=   0.47%  trades=1
  QQQ            sharpe= -999.0  dd=    0.0%  ret=    0.0%  trades=0
  ES=F           sharpe=-0.7318  dd=   -1.1%  ret=  -0.47%  trades=8
  NQ=F           sharpe= 0.5707  dd=  -0.98%  ret=    0.4%  trades=9
──────────────────────────────────────────────────

  [saved] /Users/dhanabordeemekintharanggur/Desktop/Projects/autoresearch/autoresearch-orb/results/apr6_017.json
