
──────────────────────────────────────────────────
TAG:              apr6_022
mean_sharpe:      0.8518
median_sharpe:    0.5816
mean_max_drawdown:-1.4%
mean_total_return:3.8%
num_symbols:      15
params:           {"opening_range_bars": 6, "breakout_threshold": 0.001, "stop_loss_range_multiple": 1.8, "take_profit_range_multiple": 1.0, "max_trades_per_session": 2, "min_range_pct": 0.0, "close_at_session_end": true, "allowed_weekdays": [1, 2, 3, 4], "sessions": [[8, 0, 12, 30], [13, 30, 20, 0]]}
──────────────────────────────────────────────────
  EURUSD=X       sharpe= -2.275  dd=  -0.68%  ret=  -0.63%  trades=13
  USDJPY=X       sharpe=-1.4166  dd=  -0.51%  ret=  -0.34%  trades=11
  GBPUSD=X       sharpe= 0.5816  dd=  -0.48%  ret=   0.26%  trades=20
  AUDUSD=X       sharpe=-0.5172  dd=  -1.51%  ret=  -0.44%  trades=25
  USDCAD=X       sharpe=-3.4594  dd=  -0.77%  ret=  -0.77%  trades=4
  USDCHF=X       sharpe=-0.1478  dd=  -0.82%  ret=  -0.06%  trades=12
  NZDUSD=X       sharpe=-1.2523  dd=  -0.99%  ret=  -0.89%  trades=28
  EURJPY=X       sharpe=-0.3932  dd=  -0.19%  ret=  -0.05%  trades=3
  GC=F           sharpe= 2.7189  dd=   -2.2%  ret=   5.65%  trades=24
  SI=F           sharpe= 3.6841  dd=  -3.91%  ret=  17.36%  trades=26
  CL=F           sharpe=  4.993  dd=  -4.15%  ret=  31.19%  trades=40
  SPY            sharpe= 3.1651  dd=  -0.46%  ret=   0.47%  trades=1
  QQQ            sharpe= 2.9101  dd=  -0.66%  ret=   0.66%  trades=1
  ES=F           sharpe=  2.584  dd=  -1.25%  ret=   2.69%  trades=21
  NQ=F           sharpe=  1.601  dd=  -2.38%  ret=   1.93%  trades=24
──────────────────────────────────────────────────

  [saved] /Users/dhanabordeemekintharanggur/Desktop/Projects/autoresearch/autoresearch-orb/results/apr6_022.json
