
──────────────────────────────────────────────────
TAG:              apr6_020
mean_sharpe:      1.0302
median_sharpe:    1.0716
mean_max_drawdown:-1.42%
mean_total_return:4.06%
num_symbols:      15
params:           {"opening_range_bars": 6, "breakout_threshold": 0.001, "stop_loss_range_multiple": 1.8, "take_profit_range_multiple": 1.5, "trailing_stop_activation": 0.5, "trailing_stop_distance": 0.3, "max_trades_per_session": 1, "min_range_pct": 0.0, "close_at_session_end": true, "allowed_weekdays": [1, 2, 3, 4], "sessions": [[8, 0, 12, 30], [13, 30, 20, 0]]}
──────────────────────────────────────────────────
  EURUSD=X       sharpe=-0.7366  dd=  -0.38%  ret=  -0.22%  trades=9
  USDJPY=X       sharpe=-1.3838  dd=  -0.51%  ret=  -0.34%  trades=9
  GBPUSD=X       sharpe= 1.3358  dd=  -0.45%  ret=   0.63%  trades=15
  AUDUSD=X       sharpe= -0.331  dd=   -1.2%  ret=  -0.29%  trades=22
  USDCAD=X       sharpe=-3.4594  dd=  -0.77%  ret=  -0.77%  trades=4
  USDCHF=X       sharpe= 0.8832  dd=  -0.53%  ret=   0.36%  trades=10
  NZDUSD=X       sharpe=-1.9883  dd=  -1.66%  ret=  -1.53%  trades=22
  EURJPY=X       sharpe=-0.3565  dd=  -0.19%  ret=  -0.05%  trades=3
  GC=F           sharpe= 3.2705  dd=  -2.17%  ret=   7.21%  trades=21
  SI=F           sharpe= 4.2683  dd=  -3.92%  ret=  20.45%  trades=21
  CL=F           sharpe= 4.4338  dd=  -4.97%  ret=  28.82%  trades=31
  SPY            sharpe= 3.8469  dd=  -0.46%  ret=   0.72%  trades=1
  QQQ            sharpe= 1.0716  dd=  -0.66%  ret=    0.3%  trades=1
  ES=F           sharpe= 2.3113  dd=   -1.6%  ret=   2.73%  trades=18
  NQ=F           sharpe= 2.2875  dd=  -1.84%  ret=   2.94%  trades=20
──────────────────────────────────────────────────

  [saved] /Users/dhanabordeemekintharanggur/Desktop/Projects/autoresearch/autoresearch-orb/results/apr6_020.json
